******************************************************************************
                  TI ARM Linker PC v16.9.7                     
******************************************************************************
>> Linked Fri Jun 08 14:17:43 2018

OUTPUT FILE NAME:   <impedance.out>
ENTRY POINT SYMBOL: "_c_int00"  address: 00001259


MEMORY CONFIGURATION

         name            origin    length      used     unused   attr    fill
----------------------  --------  ---------  --------  --------  ----  --------
  FLASH                 00000000   00040000  00002882  0003d77e  R  X
  SRAM                  20000000   00008000  000009d0  00007630  RW X


SEGMENT ALLOCATION MAP

run origin  load origin   length   init length attrs members
----------  ----------- ---------- ----------- ----- -------
00000000    00000000    00001c00   00001c00    r-x
  00000000    00000000    0000026c   0000026c    r-- .intvecs
  0000026c    0000026c    000012a4   000012a4    r-x .text
  00001510    00001510    000000b8   000000b8    r-- .const
  000015c8    000015c8    00000588   00000588    r-- .constdata
  00001b50    00001b50    0000009a   0000009a    r-x i.ADCSequenceStepConfigure
  00001bea    00001bea    00000002   00000002    r-x i._IntDefaultHandler
  00001bec    00001bec    00000014   00000014    r-x i.IntUnregister
00001c00    00001c00    0000026c   00000000    rw-
  00001c00    00001c00    0000026c   00000000    rw- vtable
00001e6c    00001e6c    00000938   00000938    r-x
  00001e6c    00001e6c    00000154   00000154    r-x i.SysCtlClockGet
  00001fc0    00001fc0    00000138   00000138    r-x i.GPIOPadConfigSet
  000020f8    000020f8    00000128   00000128    r-x i.SysCtlClockSet
  00002220    00002220    00000080   00000080    r-x i.uDMAChannelTransferSet
  000022a0    000022a0    00000064   00000064    r-x i.IntDisable
  00002304    00002304    00000064   00000064    r-x i.IntEnable
  00002368    00002368    00000060   00000060    r-x i.ADCSequenceConfigure
  000023c8    000023c8    00000060   00000060    r-x i.TimerConfigure
  00002428    00002428    00000050   00000050    r-x i.TimerControlTrigger
  00002478    00002478    00000048   00000048    r-x i.uDMAChannelAttributeDisable
  000024c0    000024c0    00000044   00000044    r-x i.GPIOPinConfigure
  00002504    00002504    0000003c   0000003c    r-x i.SysCtlPeripheralReset
  00002540    00002540    00000034   00000034    r-x i.IntRegister
  00002574    00002574    0000002e   0000002e    r-x .emb_text
  000025a4    000025a4    0000002c   0000002c    r-x i.SysCtlPeripheralPresent
  000025d0    000025d0    0000002c   0000002c    r-x i.uDMAChannelAssign
  000025fc    000025fc    00000028   00000028    r-x i.GPIODirModeSet
  00002624    00002624    00000028   00000028    r-x i.SysCtlPeripheralDisable
  0000264c    0000264c    00000028   00000028    r-x i.SysCtlPeripheralEnable
  00002674    00002674    00000024   00000024    r-x i.ADCSequenceDataGet
  00002698    00002698    00000020   00000020    r-x i.uDMAChannelControlSet
  000026b8    000026b8    0000001c   0000001c    r-x i.GPIOPinTypeADC
  000026d4    000026d4    0000001c   0000001c    r-x i.GPIOPinTypeGPIOOutput
  000026f0    000026f0    0000001c   0000001c    r-x i.GPIOPinTypeUART
  0000270c    0000270c    00000014   00000014    r-x i.uDMAChannelEnable
  00002720    00002720    00000012   00000012    r-x i.TimerLoadSet
  00002732    00002732    00000010   00000010    r-x i.ADCIntEnable
  00002742    00002742    0000000e   0000000e    r-x i.ADCSequenceEnable
  00002750    00002750    0000000e   0000000e    r-x i.IntMasterEnable
  0000275e    0000275e    0000000e   0000000e    r-x i.TimerEnable
  0000276c    0000276c    0000000c   0000000c    r-x i.uDMAControlBaseSet
  00002778    00002778    0000000c   0000000c    r-x i.uDMAEnable
  00002784    00002784    0000000a   0000000a    r-x i.ADCIntClear
  0000278e    0000278e    00000008   00000008    r-x i.TimerIntEnable
  00002796    00002796    00000006   00000006    r-x i.GPIOPinWrite
  0000279c    0000279c    00000004   00000004    r-x i.TimerDMAEventSet
  000027a0    000027a0    00000004   00000004    r-x i.TimerIntClear
000027a8    000027a8    000000e0   000000e0    r--
  000027a8    000027a8    000000e0   000000e0    r-- .cinit
20000000    20000000    000009d0   00000000    rw-
  20000000    20000000    00000724   00000000    rw- .bss
  20000724    20000724    00000200   00000000    rw- .stack
  20000924    20000924    000000ac   00000000    rw- .data


SECTION ALLOCATION MAP

 output                                  attributes/
section   page    origin      length       input sections
--------  ----  ----------  ----------   ----------------
.intvecs   0    00000000    0000026c     
                  00000000    0000026c     tm4c123gh6pm_startup_ccs.obj (.intvecs)

.text      0    0000026c    000012a4     
                  0000026c    00000638     uart.obj (.text)
                  000008a4    0000049c     uartstdio.obj (.text)
                  00000d40    00000328     main.obj (.text)
                  00001068    0000009c     rtsv7M4_T_le_v4SPD16_eabi.lib : memcpy_t2.obj (.text)
                  00001104    0000007a                                   : memset_t2.obj (.text)
                  0000117e    00000002                                   : i_div0.obj (.text)
                  00001180    00000070                                   : autoinit.obj (.text)
                  000011f0    00000068                                   : copy_decompress_lzss.obj (.text:decompress:lzss)
                  00001258    00000054                                   : boot.obj (.text)
                  000012ac    00000054                                   : exit.obj (.text)
                  00001300    0000004c                                   : cpy_tbl.obj (.text)
                  0000134c    00000040                                   : u_divt2.obj (.text)
                  0000138c    00000018                                   : args_main.obj (.text)
                  000013a4    00000014                                   : _lock.obj (.text)
                  000013b8    0000000e                                   : copy_decompress_none.obj (.text:decompress:none)
                  000013c6    0000000c                                   : copy_zero_init.obj (.text:decompress:ZI)
                  000013d2    0000000c     tm4c123gh6pm_startup_ccs.obj (.text)
                  000013de    00000004     rtsv7M4_T_le_v4SPD16_eabi.lib : pre_init.obj (.text)
                  000013e2    00000002                                   : mpu_init.obj (.text)
                  000013e4    00000002                                   : startup.obj (.text)
                  000013e6    00000002     --HOLE-- [fill = 0]
                  000013e8    00000008     driverlib.lib : adc.o (.tramp.ADCSequenceDataGet.1)
                  000013f0    00000008                   : timer.o (.tramp.TimerIntClear.1)
                  000013f8    00000008                   : sysctl.o (.tramp.SysCtlClockSet.1)
                  00001400    00000008                   : timer.o (.tramp.TimerEnable.1)
                  00001408    00000008                   : adc.o (.tramp.ADCIntEnable.1)
                  00001410    00000008                   : timer.o (.tramp.TimerControlTrigger.1)
                  00001418    00000008                   : sysctl.o (.tramp.SysCtlClockGet.1)
                  00001420    00000008                   : adc.o (.tramp.ADCIntClear.1)
                  00001428    00000008                   : adc.o (.tramp.ADCSequenceEnable.1)
                  00001430    00000008                   : adc.o (.tramp.ADCSequenceStepConfigure.1)
                  00001438    00000008                   : adc.o (.tramp.ADCSequenceConfigure.1)
                  00001440    00000008                   : gpio.o (.tramp.GPIOPinTypeADC.1)
                  00001448    00000008                   : udma.o (.tramp.uDMAChannelEnable.1)
                  00001450    00000008                   : udma.o (.tramp.uDMAChannelTransferSet.1)
                  00001458    00000008                   : udma.o (.tramp.uDMAChannelControlSet.1)
                  00001460    00000008                   : udma.o (.tramp.uDMAChannelAttributeDisable.1)
                  00001468    00000008                   : udma.o (.tramp.uDMAChannelAssign.1)
                  00001470    00000008                   : udma.o (.tramp.uDMAControlBaseSet.1)
                  00001478    00000008                   : udma.o (.tramp.uDMAEnable.1)
                  00001480    00000008                   : timer.o (.tramp.TimerDMAEventSet.1)
                  00001488    00000008                   : interrupt.o (.tramp.IntMasterEnable.1)
                  00001490    00000008                   : timer.o (.tramp.TimerIntEnable.1)
                  00001498    00000008                   : timer.o (.tramp.TimerLoadSet.1)
                  000014a0    00000008                   : timer.o (.tramp.TimerConfigure.1)
                  000014a8    00000008                   : gpio.o (.tramp.GPIOPinTypeUART.1)
                  000014b0    00000008                   : gpio.o (.tramp.GPIOPinConfigure.1)
                  000014b8    00000008                   : gpio.o (.tramp.GPIOPinWrite.1)
                  000014c0    00000008                   : gpio.o (.tramp.GPIOPinTypeGPIOOutput.1)
                  000014c8    00000008                   : sysctl.o (.tramp.SysCtlDelay.1)
                  000014d0    00000008                   : sysctl.o (.tramp.SysCtlPeripheralReset.1)
                  000014d8    00000008                   : sysctl.o (.tramp.SysCtlPeripheralDisable.1)
                  000014e0    00000008                   : sysctl.o (.tramp.SysCtlPeripheralEnable.1)
                  000014e8    00000008                   : sysctl.o (.tramp.SysCtlPeripheralPresent.1)
                  000014f0    00000008                   : interrupt.o (.tramp.IntUnregister.1)
                  000014f8    00000008                   : interrupt.o (.tramp.IntDisable.1)
                  00001500    00000008                   : interrupt.o (.tramp.IntEnable.1)
                  00001508    00000008                   : interrupt.o (.tramp.IntRegister.1)

.const     0    00001510    000000b8     
                  00001510    00000040     uart.obj (.const:g_ppui32UARTIntMap)
                  00001550    00000040     uart.obj (.const:g_ppui32UARTIntMapSnowflake)
                  00001590    00000012     uartstdio.obj (.const:.string)
                  000015a2    00000002     --HOLE-- [fill = 0]
                  000015a4    0000000c     uartstdio.obj (.const:g_ui32UARTBase)
                  000015b0    0000000c     uartstdio.obj (.const:g_ui32UARTPeriph)
                  000015bc    00000008     uart.obj (.const)
                  000015c4    00000004     uartstdio.obj (.const)

.constdata 
*          0    000015c8    00000588     
                  000015c8    00000254     driverlib.lib : sysctl.o (.constdata)
                  0000181c    00000228                   : gpio.o (.constdata)
                  00001a44    0000010c                   : interrupt.o (.constdata)

i.ADCSequenceStepConfigure 
*          0    00001b50    0000009a     
                  00001b50    0000009a     driverlib.lib : adc.o (i.ADCSequenceStepConfigure)

i._IntDefaultHandler 
*          0    00001bea    00000002     
                  00001bea    00000002     driverlib.lib : interrupt.o (i._IntDefaultHandler)

i.IntUnregister 
*          0    00001bec    00000014     
                  00001bec    00000014     driverlib.lib : interrupt.o (i.IntUnregister)

vtable     0    00001c00    0000026c     UNINITIALIZED
                  00001c00    0000026c     driverlib.lib : interrupt.o (vtable)

i.SysCtlClockGet 
*          0    00001e6c    00000154     
                  00001e6c    00000154     driverlib.lib : sysctl.o (i.SysCtlClockGet)

i.GPIOPadConfigSet 
*          0    00001fc0    00000138     
                  00001fc0    00000138     driverlib.lib : gpio.o (i.GPIOPadConfigSet)

i.SysCtlClockSet 
*          0    000020f8    00000128     
                  000020f8    00000120     driverlib.lib : sysctl.o (i.SysCtlClockSet)
                  00002218    00000008                   : sysctl.o (.tramp.SysCtlDelay.2)

i.uDMAChannelTransferSet 
*          0    00002220    00000080     
                  00002220    00000080     driverlib.lib : udma.o (i.uDMAChannelTransferSet)

i.IntDisable 
*          0    000022a0    00000064     
                  000022a0    00000064     driverlib.lib : interrupt.o (i.IntDisable)

i.IntEnable 
*          0    00002304    00000064     
                  00002304    00000064     driverlib.lib : interrupt.o (i.IntEnable)

i.ADCSequenceConfigure 
*          0    00002368    00000060     
                  00002368    00000060     driverlib.lib : adc.o (i.ADCSequenceConfigure)

i.TimerConfigure 
*          0    000023c8    00000060     
                  000023c8    00000060     driverlib.lib : timer.o (i.TimerConfigure)

i.TimerControlTrigger 
*          0    00002428    00000050     
                  00002428    00000050     driverlib.lib : timer.o (i.TimerControlTrigger)

i.uDMAChannelAttributeDisable 
*          0    00002478    00000048     
                  00002478    00000048     driverlib.lib : udma.o (i.uDMAChannelAttributeDisable)

i.GPIOPinConfigure 
*          0    000024c0    00000044     
                  000024c0    00000044     driverlib.lib : gpio.o (i.GPIOPinConfigure)

i.SysCtlPeripheralReset 
*          0    00002504    0000003c     
                  00002504    0000003c     driverlib.lib : sysctl.o (i.SysCtlPeripheralReset)

i.IntRegister 
*          0    00002540    00000034     
                  00002540    00000034     driverlib.lib : interrupt.o (i.IntRegister)

.emb_text 
*          0    00002574    0000002e     
                  00002574    00000026     driverlib.lib : cpu.o (.emb_text)
                  0000259a    00000002     --HOLE-- [fill = 0]
                  0000259c    00000006                   : sysctl.o (.emb_text)

i.SysCtlPeripheralPresent 
*          0    000025a4    0000002c     
                  000025a4    0000002c     driverlib.lib : sysctl.o (i.SysCtlPeripheralPresent)

i.uDMAChannelAssign 
*          0    000025d0    0000002c     
                  000025d0    0000002c     driverlib.lib : udma.o (i.uDMAChannelAssign)

i.GPIODirModeSet 
*          0    000025fc    00000028     
                  000025fc    00000028     driverlib.lib : gpio.o (i.GPIODirModeSet)

i.SysCtlPeripheralDisable 
*          0    00002624    00000028     
                  00002624    00000028     driverlib.lib : sysctl.o (i.SysCtlPeripheralDisable)

i.SysCtlPeripheralEnable 
*          0    0000264c    00000028     
                  0000264c    00000028     driverlib.lib : sysctl.o (i.SysCtlPeripheralEnable)

i.ADCSequenceDataGet 
*          0    00002674    00000024     
                  00002674    00000024     driverlib.lib : adc.o (i.ADCSequenceDataGet)

i.uDMAChannelControlSet 
*          0    00002698    00000020     
                  00002698    00000020     driverlib.lib : udma.o (i.uDMAChannelControlSet)

i.GPIOPinTypeADC 
*          0    000026b8    0000001c     
                  000026b8    0000001c     driverlib.lib : gpio.o (i.GPIOPinTypeADC)

i.GPIOPinTypeGPIOOutput 
*          0    000026d4    0000001c     
                  000026d4    0000001c     driverlib.lib : gpio.o (i.GPIOPinTypeGPIOOutput)

i.GPIOPinTypeUART 
*          0    000026f0    0000001c     
                  000026f0    0000001c     driverlib.lib : gpio.o (i.GPIOPinTypeUART)

i.uDMAChannelEnable 
*          0    0000270c    00000014     
                  0000270c    00000014     driverlib.lib : udma.o (i.uDMAChannelEnable)

i.TimerLoadSet 
*          0    00002720    00000012     
                  00002720    00000012     driverlib.lib : timer.o (i.TimerLoadSet)

i.ADCIntEnable 
*          0    00002732    00000010     
                  00002732    00000010     driverlib.lib : adc.o (i.ADCIntEnable)

i.ADCSequenceEnable 
*          0    00002742    0000000e     
                  00002742    0000000e     driverlib.lib : adc.o (i.ADCSequenceEnable)

i.IntMasterEnable 
*          0    00002750    0000000e     
                  00002750    0000000e     driverlib.lib : interrupt.o (i.IntMasterEnable)

i.TimerEnable 
*          0    0000275e    0000000e     
                  0000275e    0000000e     driverlib.lib : timer.o (i.TimerEnable)

i.uDMAControlBaseSet 
*          0    0000276c    0000000c     
                  0000276c    0000000c     driverlib.lib : udma.o (i.uDMAControlBaseSet)

i.uDMAEnable 
*          0    00002778    0000000c     
                  00002778    0000000c     driverlib.lib : udma.o (i.uDMAEnable)

i.ADCIntClear 
*          0    00002784    0000000a     
                  00002784    0000000a     driverlib.lib : adc.o (i.ADCIntClear)

i.TimerIntEnable 
*          0    0000278e    00000008     
                  0000278e    00000008     driverlib.lib : timer.o (i.TimerIntEnable)

i.GPIOPinWrite 
*          0    00002796    00000006     
                  00002796    00000006     driverlib.lib : gpio.o (i.GPIOPinWrite)

i.TimerDMAEventSet 
*          0    0000279c    00000004     
                  0000279c    00000004     driverlib.lib : timer.o (i.TimerDMAEventSet)

i.TimerIntClear 
*          0    000027a0    00000004     
                  000027a0    00000004     driverlib.lib : timer.o (i.TimerIntClear)

.cinit     0    000027a8    000000e0     
                  000027a8    000000a5     (.cinit..data.load) [load image, compression = lzss]
                  0000284d    00000003     --HOLE-- [fill = 0]
                  00002850    0000000c     (__TI_handler_table)
                  0000285c    00000009     (.cinit.vtable.load) [load image, compression = lzss]
                  00002865    00000003     --HOLE-- [fill = 0]
                  00002868    00000008     (.cinit..bss.load) [load image, compression = zero_init]
                  00002870    00000018     (__TI_cinit_table)

.init_array 
*          0    00000000    00000000     UNINITIALIZED

.bss       0    20000000    00000724     UNINITIALIZED
                  20000000    00000400     (.common:uDMA_table)
                  20000400    00000320     (.common:adc_buffer)
                  20000720    00000004     (.common:pui32ADC0Value)

.stack     0    20000724    00000200     UNINITIALIZED
                  20000724    00000200     --HOLE--

.data      0    20000924    000000ac     UNINITIALIZED
                  20000924    00000080     main.obj (.data:seno)
                  200009a4    0000000c     rtsv7M4_T_le_v4SPD16_eabi.lib : exit.obj (.data:$O1$$)
                  200009b0    0000000c     main.obj (.data)
                  200009bc    00000008     rtsv7M4_T_le_v4SPD16_eabi.lib : _lock.obj (.data:$O1$$)
                  200009c4    00000005     uartstdio.obj (.data)
                  200009c9    00000003     --HOLE--
                  200009cc    00000004     rtsv7M4_T_le_v4SPD16_eabi.lib : stkdepth_vars.obj (.data)

MODULE SUMMARY

       Module                         code   ro data   rw data
       ------                         ----   -------   -------
    .\
       main.obj                       808    0         1968   
       uart.obj                       1592   136       0      
       uartstdio.obj                  1180   46        5      
       tm4c123gh6pm_startup_ccs.obj   12     620       0      
    +--+------------------------------+------+---------+---------+
       Total:                         3592   802       1973   
                                                              
    C:/ti/TivaWare_C_Series-2.1.4.178/driverlib/rvmdk/driverlib.lib
       sysctl.o                       882    596       0      
       interrupt.o                    328    268       620    
       gpio.o                         550    552       0      
       udma.o                         376    0         0      
       adc.o                          374    0         0      
       timer.o                        280    0         0      
       cpu.o                          38     0         0      
    +--+------------------------------+------+---------+---------+
       Total:                         2828   1416      620    
                                                              
    C:\ti\ccsv7\tools\compiler\ti-cgt-arm_16.9.7.LTS\lib\rtsv7M4_T_le_v4SPD16_eabi.lib
       memcpy_t2.obj                  156    0         0      
       memset_t2.obj                  122    0         0      
       autoinit.obj                   112    0         0      
       copy_decompress_lzss.obj       104    0         0      
       exit.obj                       84     0         12     
       boot.obj                       84     0         0      
       cpy_tbl.obj                    76     0         0      
       u_divt2.obj                    64     0         0      
       _lock.obj                      20     0         8      
       args_main.obj                  24     0         0      
       copy_decompress_none.obj       14     0         0      
       copy_zero_init.obj             12     0         0      
       pre_init.obj                   4      0         0      
       stkdepth_vars.obj              0      0         4      
       i_div0.obj                     2      0         0      
       mpu_init.obj                   2      0         0      
       startup.obj                    2      0         0      
    +--+------------------------------+------+---------+---------+
       Total:                         882    0         24     
                                                              
       Stack:                         0      0         512    
       Linker Generated:              0      218       0      
    +--+------------------------------+------+---------+---------+
       Grand Total:                   7302   2436      3129   


LINKER GENERATED COPY TABLES

__TI_cinit_table @ 00002870 records: 3, size/record: 8, table size: 24
	.data: load addr=000027a8, load size=000000a5 bytes, run addr=20000924, run size=000000ac bytes, compression=lzss
	vtable: load addr=0000285c, load size=00000009 bytes, run addr=00001c00, run size=0000026c bytes, compression=lzss
	.bss: load addr=00002868, load size=00000008 bytes, run addr=20000000, run size=00000724 bytes, compression=zero_init


LINKER GENERATED HANDLER TABLE

__TI_handler_table @ 00002850 records: 3, size/record: 4, table size: 12
	index: 0, handler: __TI_decompress_lzss
	index: 1, handler: __TI_decompress_none
	index: 2, handler: __TI_zero_init


FAR CALL TRAMPOLINES

callee name               trampoline name
   callee addr  tramp addr   call addr  call info
--------------  -----------  ---------  ----------------
ADCSequenceDataGet        $Tramp$TT$S$$ADCSequenceDataGet
   00002675     000013e8     00000fde   main.obj (.text)
TimerIntClear             $Tramp$TT$S$$TimerIntClear
   000027a1     000013f0     00000faa   main.obj (.text)
SysCtlClockSet            $Tramp$TT$S$$SysCtlClockSet
   000020f9     000013f8     00000f30   main.obj (.text)
TimerEnable               $Tramp$TT$S$$TimerEnable
   0000275f     00001400     00000f26   main.obj (.text)
                             00000f4c   main.obj (.text)
                             00000fc8   main.obj (.text)
ADCIntEnable              $Tramp$TT$S$$ADCIntEnable
   00002733     00001408     00000f1e   main.obj (.text)
TimerControlTrigger       $Tramp$TT$S$$TimerControlTrigger
   00002429     00001410     00000f12   main.obj (.text)
SysCtlClockGet            $Tramp$TT$S$$SysCtlClockGet
   00001e6d     00001418     00000ef8   main.obj (.text)
                             00000f76   main.obj (.text)
ADCIntClear               $Tramp$TT$S$$ADCIntClear
   00002785     00001420     00000ee6   main.obj (.text)
                             00000fd4   main.obj (.text)
ADCSequenceEnable         $Tramp$TT$S$$ADCSequenceEnable
   00002743     00001428     00000ed8   main.obj (.text)
ADCSequenceStepConfigure  $Tramp$TT$S$$ADCSequenceStepConfigure
   00001b51     00001430     00000ed0   main.obj (.text)
ADCSequenceConfigure      $Tramp$TT$S$$ADCSequenceConfigure
   00002369     00001438     00000ec4   main.obj (.text)
GPIOPinTypeADC            $Tramp$TT$S$$GPIOPinTypeADC
   000026b9     00001440     00000eb8   main.obj (.text)
uDMAChannelEnable         $Tramp$TT$S$$uDMAChannelEnable
   0000270d     00001448     00000e64   main.obj (.text)
                             00000fc0   main.obj (.text)
uDMAChannelTransferSet    $Tramp$TT$S$$uDMAChannelTransferSet
   00002221     00001450     00000e5e   main.obj (.text)
                             00000fba   main.obj (.text)
uDMAChannelControlSet     $Tramp$TT$S$$uDMAChannelControlSet
   00002699     00001458     00000e4e   main.obj (.text)
uDMAChannelAttributeDisable  $Tramp$TT$S$$uDMAChannelAttributeDisable
   00002479     00001460     00000e44   main.obj (.text)
uDMAChannelAssign         $Tramp$TT$S$$uDMAChannelAssign
   000025d1     00001468     00000e3c   main.obj (.text)
uDMAControlBaseSet        $Tramp$TT$S$$uDMAControlBaseSet
   0000276d     00001470     00000e36   main.obj (.text)
uDMAEnable                $Tramp$TT$S$$uDMAEnable
   00002779     00001478     00000e30   main.obj (.text)
TimerDMAEventSet          $Tramp$TT$S$$TimerDMAEventSet
   0000279d     00001480     00000e10   main.obj (.text)
IntMasterEnable           $Tramp$TT$S$$IntMasterEnable
   00002751     00001488     00000e08   main.obj (.text)
                             00000f16   main.obj (.text)
                             00000f34   main.obj (.text)
TimerIntEnable            $Tramp$TT$S$$TimerIntEnable
   0000278f     00001490     00000e04   main.obj (.text)
TimerLoadSet              $Tramp$TT$S$$TimerLoadSet
   00002721     00001498     00000df6   main.obj (.text)
                             00000f08   main.obj (.text)
TimerConfigure            $Tramp$TT$S$$TimerConfigure
   000023c9     000014a0     00000dd8   main.obj (.text)
                             00000ef4   main.obj (.text)
GPIOPinTypeUART           $Tramp$TT$S$$GPIOPinTypeUART
   000026f1     000014a8     00000d90   main.obj (.text)
                             00000e94   main.obj (.text)
GPIOPinConfigure          $Tramp$TT$S$$GPIOPinConfigure
   000024c1     000014b0     00000d7e   main.obj (.text)
                             00000d86   main.obj (.text)
                             00000e74   main.obj (.text)
                             00000e7c   main.obj (.text)
GPIOPinWrite              $Tramp$TT$S$$GPIOPinWrite
   00002797     000014b8     00000d68   main.obj (.text)
GPIOPinTypeGPIOOutput     $Tramp$TT$S$$GPIOPinTypeGPIOOutput
   000026d5     000014c0     00000d5e   main.obj (.text)
SysCtlDelay               $Tramp$TT$S$$SysCtlDelay
   0000259d     000014c8     00000d56   main.obj (.text)
                             00000dd0   main.obj (.text)
                             00000e2c   main.obj (.text)
                             00000f80   main.obj (.text)
SysCtlPeripheralReset     $Tramp$TT$S$$SysCtlPeripheralReset
   00002505     000014d0     00000d4a   main.obj (.text)
                             00000dc4   main.obj (.text)
                             00000e20   main.obj (.text)
SysCtlPeripheralDisable   $Tramp$TT$S$$SysCtlPeripheralDisable
   00002625     000014d8     00000d44   main.obj (.text)
                             00000dbe   main.obj (.text)
                             00000e1a   main.obj (.text)
SysCtlPeripheralEnable    $Tramp$TT$S$$SysCtlPeripheralEnable
   0000264d     000014e0     000008ce   uartstdio.obj (.text)
                             00000d50   main.obj (.text)
                             00000d72   main.obj (.text)
                             00000d78   main.obj (.text)
                             00000dca   main.obj (.text)
                             00000e26   main.obj (.text)
                             00000e6e   main.obj (.text)
                             00000e82   main.obj (.text)
                             00000eaa   main.obj (.text)
                             00000eb0   main.obj (.text)
                             00000eec   main.obj (.text)
SysCtlPeripheralPresent   $Tramp$TT$S$$SysCtlPeripheralPresent
   000025a5     000014e8     000008b4   uartstdio.obj (.text)
IntUnregister             $Tramp$TT$S$$IntUnregister
   00001bed     000014f0     00000718   uart.obj (.text)
IntDisable                $Tramp$TT$S$$IntDisable
   000022a1     000014f8     00000712   uart.obj (.text)
IntEnable                 $Tramp$TT$S$$IntEnable
   00002305     00001500     000006fa   uart.obj (.text)
                             00000db4   main.obj (.text)
                             00000dfc   main.obj (.text)
                             00000ede   main.obj (.text)
                             00000f92   main.obj (.text)
                             00000f98   main.obj (.text)
IntRegister               $Tramp$TT$S$$IntRegister
   00002541     00001508     000006f4   uart.obj (.text)
SysCtlDelay               $Tramp$TT$S$$SysCtlDelay
   0000259d     00002218     00002202   driverlib.lib : sysctl.o (i.SysCtlClockSet)

[38 trampolines]
[74 trampoline calls]


GLOBAL SYMBOLS: SORTED ALPHABETICALLY BY Name 

address   name                           
-------   ----                           
00000fcf  ADC0IntHandler                 
00002785  ADCIntClear                    
00002733  ADCIntEnable                   
00002369  ADCSequenceConfigure           
00002675  ADCSequenceDataGet             
00002743  ADCSequenceEnable              
00001b51  ADCSequenceStepConfigure       
000012ad  C$$EXIT                        
00002595  CPUbasepriGet                  
0000258f  CPUbasepriSet                  
00002575  CPUcpsid                       
00002583  CPUcpsie                       
0000257d  CPUprimask                     
0000258b  CPUwfi                         
00000ea7  ConfigureADC                   
00000d41  ConfigurePins                  
00000dbb  ConfigureTimers                
00000d6f  ConfigureUART                  
00000e17  ConfigureuDMA                  
000025fd  GPIODirModeSet                 
00001fc1  GPIOPadConfigSet               
000024c1  GPIOPinConfigure               
000026b9  GPIOPinTypeADC                 
000026d5  GPIOPinTypeGPIOOutput          
000026f1  GPIOPinTypeUART                
00002797  GPIOPinWrite                   
00000e6b  InitConsole                    
000022a1  IntDisable                     
00002305  IntEnable                      
00002751  IntMasterEnable                
00002541  IntRegister                    
00001bed  IntUnregister                  
000013d3  ResetISR                       
UNDEFED   SHT$$INIT_ARRAY$$Base          
UNDEFED   SHT$$INIT_ARRAY$$Limit         
00001e6d  SysCtlClockGet                 
000020f9  SysCtlClockSet                 
0000259d  SysCtlDelay                    
00002625  SysCtlPeripheralDisable        
0000264d  SysCtlPeripheralEnable         
000025a5  SysCtlPeripheralPresent        
00002505  SysCtlPeripheralReset          
00000fa5  Timer1IntHandler               
000023c9  TimerConfigure                 
00002429  TimerControlTrigger            
0000279d  TimerDMAEventSet               
0000275f  TimerEnable                    
000027a1  TimerIntClear                  
0000278f  TimerIntEnable                 
00002721  TimerLoadSet                   
00000847  UART9BitAddrSend               
00000821  UART9BitAddrSet                
0000080b  UART9BitDisable                
000007f5  UART9BitEnable                 
0000069b  UARTBreakCtl                   
000006c5  UARTBusy                       
00000643  UARTCharGet                    
00000627  UARTCharGetNonBlocking         
0000067d  UARTCharPut                    
00000659  UARTCharPutNonBlocking         
000005eb  UARTCharsAvail                 
000007e5  UARTClockSourceGet             
000007d1  UARTClockSourceSet             
000003b3  UARTConfigGetExpClk            
0000033d  UARTConfigSetExpClk            
00000797  UARTDMADisable                 
0000077f  UARTDMAEnable                  
00000423  UARTDisable                    
000004a7  UARTDisableSIR                 
000003ff  UARTEnable                     
00000479  UARTEnableSIR                  
00000463  UARTFIFODisable                
0000044d  UARTFIFOEnable                 
00000315  UARTFIFOLevelGet               
000002fd  UARTFIFOLevelSet               
000005ab  UARTFlowControlGet             
0000058f  UARTFlowControlSet             
0000076d  UARTIntClear                   
00000737  UARTIntDisable                 
0000071f  UARTIntEnable                  
000006e3  UARTIntRegister                
0000074f  UARTIntStatus                  
00000705  UARTIntUnregister              
0000088f  UARTLoopbackEnable             
00000545  UARTModemControlClear          
00000569  UARTModemControlGet            
00000505  UARTModemControlSet            
0000057b  UARTModemStatusGet             
000002eb  UARTParityModeGet              
000002cf  UARTParityModeSet              
000007c1  UARTRxErrorClear               
000007af  UARTRxErrorGet                 
000004ef  UARTSmartCardDisable           
000004bd  UARTSmartCardEnable            
00000609  UARTSpaceAvail                 
000008a5  UARTStdioConfig                
000005d9  UARTTxIntModeGet               
000005bd  UARTTxIntModeSet               
000009eb  UARTgetc                       
00000931  UARTgets                       
00000d0b  UARTprintf                     
00000a11  UARTvprintf                    
000008eb  UARTwrite                      
20000924  __STACK_END                    
00000200  __STACK_SIZE                   
20000924  __STACK_TOP                    
00002870  __TI_CINIT_Base                
00002888  __TI_CINIT_Limit               
00002850  __TI_Handler_Table_Base        
0000285c  __TI_Handler_Table_Limit       
00001181  __TI_auto_init                 
200009a4  __TI_cleanup_ptr               
000011f1  __TI_decompress_lzss           
000013b9  __TI_decompress_none           
200009a8  __TI_dtors_ptr                 
200009ac  __TI_enable_exit_profile_output
ffffffff  __TI_pprof_out_hndl            
ffffffff  __TI_prof_data_size            
ffffffff  __TI_prof_data_start           
00000000  __TI_static_base__             
000013c7  __TI_zero_init                 
0000117f  __aeabi_idiv0                  
00001105  __aeabi_memclr                 
00001105  __aeabi_memclr4                
00001105  __aeabi_memclr8                
00001069  __aeabi_memcpy                 
00001069  __aeabi_memcpy4                
00001069  __aeabi_memcpy8                
00001107  __aeabi_memset                 
00001107  __aeabi_memset4                
00001107  __aeabi_memset8                
0000134d  __aeabi_uidiv                  
0000134d  __aeabi_uidivmod               
ffffffff  __binit__                      
ffffffff  __c_args__                     
000013e3  __mpu_init                     
20000724  __stack                        
0000138d  _args_main                     
00001259  _c_int00                       
200009bc  _lock                          
000013b3  _nop                           
000013ab  _register_lock                 
000013a5  _register_unlock               
000013e5  _system_post_cinit             
000013df  _system_pre_init               
200009c0  _unlock                        
000012b1  abort                          
20000400  adc_buffer                     
ffffffff  binit                          
00001301  copy_in                        
000012b9  exit                           
00000000  g_pfnVectors                   
200009b4  i                              
00000f2d  main                           
200009cc  main_func_sp                   
00001069  memcpy                         
0000110d  memset                         
20000720  pui32ADC0Value                 
200009b0  sen_frq                        
200009b2  sen_res                        
20000924  seno                           
000025d1  uDMAChannelAssign              
00002479  uDMAChannelAttributeDisable    
00002699  uDMAChannelControlSet          
0000270d  uDMAChannelEnable              
00002221  uDMAChannelTransferSet         
0000276d  uDMAControlBaseSet             
00002779  uDMAEnable                     
20000000  uDMA_table                     
200009b8  uDMA_table_end                 


GLOBAL SYMBOLS: SORTED BY Symbol Address 

address   name                           
-------   ----                           
00000000  __TI_static_base__             
00000000  g_pfnVectors                   
00000200  __STACK_SIZE                   
000002cf  UARTParityModeSet              
000002eb  UARTParityModeGet              
000002fd  UARTFIFOLevelSet               
00000315  UARTFIFOLevelGet               
0000033d  UARTConfigSetExpClk            
000003b3  UARTConfigGetExpClk            
000003ff  UARTEnable                     
00000423  UARTDisable                    
0000044d  UARTFIFOEnable                 
00000463  UARTFIFODisable                
00000479  UARTEnableSIR                  
000004a7  UARTDisableSIR                 
000004bd  UARTSmartCardEnable            
000004ef  UARTSmartCardDisable           
00000505  UARTModemControlSet            
00000545  UARTModemControlClear          
00000569  UARTModemControlGet            
0000057b  UARTModemStatusGet             
0000058f  UARTFlowControlSet             
000005ab  UARTFlowControlGet             
000005bd  UARTTxIntModeSet               
000005d9  UARTTxIntModeGet               
000005eb  UARTCharsAvail                 
00000609  UARTSpaceAvail                 
00000627  UARTCharGetNonBlocking         
00000643  UARTCharGet                    
00000659  UARTCharPutNonBlocking         
0000067d  UARTCharPut                    
0000069b  UARTBreakCtl                   
000006c5  UARTBusy                       
000006e3  UARTIntRegister                
00000705  UARTIntUnregister              
0000071f  UARTIntEnable                  
00000737  UARTIntDisable                 
0000074f  UARTIntStatus                  
0000076d  UARTIntClear                   
0000077f  UARTDMAEnable                  
00000797  UARTDMADisable                 
000007af  UARTRxErrorGet                 
000007c1  UARTRxErrorClear               
000007d1  UARTClockSourceSet             
000007e5  UARTClockSourceGet             
000007f5  UART9BitEnable                 
0000080b  UART9BitDisable                
00000821  UART9BitAddrSet                
00000847  UART9BitAddrSend               
0000088f  UARTLoopbackEnable             
000008a5  UARTStdioConfig                
000008eb  UARTwrite                      
00000931  UARTgets                       
000009eb  UARTgetc                       
00000a11  UARTvprintf                    
00000d0b  UARTprintf                     
00000d41  ConfigurePins                  
00000d6f  ConfigureUART                  
00000dbb  ConfigureTimers                
00000e17  ConfigureuDMA                  
00000e6b  InitConsole                    
00000ea7  ConfigureADC                   
00000f2d  main                           
00000fa5  Timer1IntHandler               
00000fcf  ADC0IntHandler                 
00001069  __aeabi_memcpy                 
00001069  __aeabi_memcpy4                
00001069  __aeabi_memcpy8                
00001069  memcpy                         
00001105  __aeabi_memclr                 
00001105  __aeabi_memclr4                
00001105  __aeabi_memclr8                
00001107  __aeabi_memset                 
00001107  __aeabi_memset4                
00001107  __aeabi_memset8                
0000110d  memset                         
0000117f  __aeabi_idiv0                  
00001181  __TI_auto_init                 
000011f1  __TI_decompress_lzss           
00001259  _c_int00                       
000012ad  C$$EXIT                        
000012b1  abort                          
000012b9  exit                           
00001301  copy_in                        
0000134d  __aeabi_uidiv                  
0000134d  __aeabi_uidivmod               
0000138d  _args_main                     
000013a5  _register_unlock               
000013ab  _register_lock                 
000013b3  _nop                           
000013b9  __TI_decompress_none           
000013c7  __TI_zero_init                 
000013d3  ResetISR                       
000013df  _system_pre_init               
000013e3  __mpu_init                     
000013e5  _system_post_cinit             
00001b51  ADCSequenceStepConfigure       
00001bed  IntUnregister                  
00001e6d  SysCtlClockGet                 
00001fc1  GPIOPadConfigSet               
000020f9  SysCtlClockSet                 
00002221  uDMAChannelTransferSet         
000022a1  IntDisable                     
00002305  IntEnable                      
00002369  ADCSequenceConfigure           
000023c9  TimerConfigure                 
00002429  TimerControlTrigger            
00002479  uDMAChannelAttributeDisable    
000024c1  GPIOPinConfigure               
00002505  SysCtlPeripheralReset          
00002541  IntRegister                    
00002575  CPUcpsid                       
0000257d  CPUprimask                     
00002583  CPUcpsie                       
0000258b  CPUwfi                         
0000258f  CPUbasepriSet                  
00002595  CPUbasepriGet                  
0000259d  SysCtlDelay                    
000025a5  SysCtlPeripheralPresent        
000025d1  uDMAChannelAssign              
000025fd  GPIODirModeSet                 
00002625  SysCtlPeripheralDisable        
0000264d  SysCtlPeripheralEnable         
00002675  ADCSequenceDataGet             
00002699  uDMAChannelControlSet          
000026b9  GPIOPinTypeADC                 
000026d5  GPIOPinTypeGPIOOutput          
000026f1  GPIOPinTypeUART                
0000270d  uDMAChannelEnable              
00002721  TimerLoadSet                   
00002733  ADCIntEnable                   
00002743  ADCSequenceEnable              
00002751  IntMasterEnable                
0000275f  TimerEnable                    
0000276d  uDMAControlBaseSet             
00002779  uDMAEnable                     
00002785  ADCIntClear                    
0000278f  TimerIntEnable                 
00002797  GPIOPinWrite                   
0000279d  TimerDMAEventSet               
000027a1  TimerIntClear                  
00002850  __TI_Handler_Table_Base        
0000285c  __TI_Handler_Table_Limit       
00002870  __TI_CINIT_Base                
00002888  __TI_CINIT_Limit               
20000000  uDMA_table                     
20000400  adc_buffer                     
20000720  pui32ADC0Value                 
20000724  __stack                        
20000924  __STACK_END                    
20000924  __STACK_TOP                    
20000924  seno                           
200009a4  __TI_cleanup_ptr               
200009a8  __TI_dtors_ptr                 
200009ac  __TI_enable_exit_profile_output
200009b0  sen_frq                        
200009b2  sen_res                        
200009b4  i                              
200009b8  uDMA_table_end                 
200009bc  _lock                          
200009c0  _unlock                        
200009cc  main_func_sp                   
ffffffff  __TI_pprof_out_hndl            
ffffffff  __TI_prof_data_size            
ffffffff  __TI_prof_data_start           
ffffffff  __binit__                      
ffffffff  __c_args__                     
ffffffff  binit                          
UNDEFED   SHT$$INIT_ARRAY$$Base          
UNDEFED   SHT$$INIT_ARRAY$$Limit         

[170 symbols]
