******************************************************************************
                  TI ARM Linker PC v16.9.7                     
******************************************************************************
>> Linked Fri Jun 15 11:18:10 2018

OUTPUT FILE NAME:   <impedance.out>
ENTRY POINT SYMBOL: "_c_int00"  address: 000012d1


MEMORY CONFIGURATION

         name            origin    length      used     unused   attr    fill
----------------------  --------  ---------  --------  --------  ----  --------
  FLASH                 00000000   00040000  000028fa  0003d706  R  X
  SRAM                  20000000   00008000  000009e8  00007618  RW X


SEGMENT ALLOCATION MAP

run origin  load origin   length   init length attrs members
----------  ----------- ---------- ----------- ----- -------
00000000    00000000    00001c00   00001c00    r-x
  00000000    00000000    0000026c   0000026c    r-- .intvecs
  0000026c    0000026c    0000131c   0000131c    r-x .text
  00001588    00001588    000000b8   000000b8    r-- .const
  00001640    00001640    00000588   00000588    r-- .constdata
  00001bc8    00001bc8    00000034   00000034    r-x i.IntRegister
  00001bfc    00001bfc    00000004   00000004    r-x i.TimerDMAEventSet
00001c00    00001c00    0000026c   00000000    rw-
  00001c00    00001c00    0000026c   00000000    rw- vtable
00001e6c    00001e6c    000009b0   000009b0    r-x
  00001e6c    00001e6c    00000154   00000154    r-x i.SysCtlClockGet
  00001fc0    00001fc0    00000138   00000138    r-x i.GPIOPadConfigSet
  000020f8    000020f8    00000128   00000128    r-x i.SysCtlClockSet
  00002220    00002220    0000009a   0000009a    r-x i.ADCSequenceStepConfigure
  000022ba    000022ba    00000002   00000002    r-x i._IntDefaultHandler
  000022bc    000022bc    00000080   00000080    r-x i.uDMAChannelTransferSet
  0000233c    0000233c    00000064   00000064    r-x i.IntDisable
  000023a0    000023a0    00000064   00000064    r-x i.IntEnable
  00002404    00002404    00000060   00000060    r-x i.ADCSequenceConfigure
  00002464    00002464    00000060   00000060    r-x i.TimerConfigure
  000024c4    000024c4    00000050   00000050    r-x i.TimerControlTrigger
  00002514    00002514    00000048   00000048    r-x i.uDMAChannelAttributeDisable
  0000255c    0000255c    00000044   00000044    r-x i.GPIOPinConfigure
  000025a0    000025a0    0000003c   0000003c    r-x i.SysCtlPeripheralReset
  000025dc    000025dc    0000002e   0000002e    r-x .emb_text
  0000260c    0000260c    0000002c   0000002c    r-x i.SysCtlPeripheralPresent
  00002638    00002638    0000002c   0000002c    r-x i.uDMAChannelAssign
  00002664    00002664    00000028   00000028    r-x i.GPIODirModeSet
  0000268c    0000268c    00000028   00000028    r-x i.SysCtlPeripheralDisable
  000026b4    000026b4    00000028   00000028    r-x i.SysCtlPeripheralEnable
  000026dc    000026dc    00000024   00000024    r-x i.ADCSequenceDataGet
  00002700    00002700    00000020   00000020    r-x i.uDMAChannelControlSet
  00002720    00002720    0000001c   0000001c    r-x i.GPIOPinTypeADC
  0000273c    0000273c    0000001c   0000001c    r-x i.GPIOPinTypeGPIOOutput
  00002758    00002758    0000001c   0000001c    r-x i.GPIOPinTypeUART
  00002774    00002774    00000014   00000014    r-x i.IntUnregister
  00002788    00002788    00000014   00000014    r-x i.uDMAChannelEnable
  0000279c    0000279c    00000012   00000012    r-x i.TimerLoadSet
  000027ae    000027ae    00000010   00000010    r-x i.ADCIntEnable
  000027be    000027be    0000000e   0000000e    r-x i.ADCSequenceEnable
  000027cc    000027cc    0000000e   0000000e    r-x i.IntMasterEnable
  000027da    000027da    0000000e   0000000e    r-x i.TimerEnable
  000027e8    000027e8    0000000c   0000000c    r-x i.uDMAControlBaseSet
  000027f4    000027f4    0000000c   0000000c    r-x i.uDMAEnable
  00002800    00002800    0000000a   0000000a    r-x i.ADCIntClear
  0000280a    0000280a    00000008   00000008    r-x i.TimerIntEnable
  00002812    00002812    00000006   00000006    r-x i.GPIOPinWrite
  00002818    00002818    00000004   00000004    r-x i.TimerIntClear
00002820    00002820    000000e0   000000e0    r--
  00002820    00002820    000000e0   000000e0    r-- .cinit
20000000    20000000    000009e8   00000000    rw-
  20000000    20000000    00000728   00000000    rw- .bss
  20000728    20000728    00000200   00000000    rw- .stack
  20000928    20000928    000000c0   00000000    rw- .data


SECTION ALLOCATION MAP

 output                                  attributes/
section   page    origin      length       input sections
--------  ----  ----------  ----------   ----------------
.intvecs   0    00000000    0000026c     
                  00000000    0000026c     tm4c123gh6pm_startup_ccs.obj (.intvecs)

.text      0    0000026c    0000131c     
                  0000026c    00000638     uart.obj (.text)
                  000008a4    0000049c     uartstdio.obj (.text)
                  00000d40    000003a0     main.obj (.text)
                  000010e0    0000009c     rtsv7M4_T_le_v4SPD16_eabi.lib : memcpy_t2.obj (.text)
                  0000117c    0000007a                                   : memset_t2.obj (.text)
                  000011f6    00000002                                   : i_div0.obj (.text)
                  000011f8    00000070                                   : autoinit.obj (.text)
                  00001268    00000068                                   : copy_decompress_lzss.obj (.text:decompress:lzss)
                  000012d0    00000054                                   : boot.obj (.text)
                  00001324    00000054                                   : exit.obj (.text)
                  00001378    0000004c                                   : cpy_tbl.obj (.text)
                  000013c4    00000040                                   : u_divt2.obj (.text)
                  00001404    00000018                                   : args_main.obj (.text)
                  0000141c    00000014                                   : _lock.obj (.text)
                  00001430    0000000e                                   : copy_decompress_none.obj (.text:decompress:none)
                  0000143e    0000000c                                   : copy_zero_init.obj (.text:decompress:ZI)
                  0000144a    0000000c     tm4c123gh6pm_startup_ccs.obj (.text)
                  00001456    00000004     rtsv7M4_T_le_v4SPD16_eabi.lib : pre_init.obj (.text)
                  0000145a    00000002                                   : mpu_init.obj (.text)
                  0000145c    00000002                                   : startup.obj (.text)
                  0000145e    00000002     --HOLE-- [fill = 0]
                  00001460    00000008     driverlib.lib : timer.o (.tramp.TimerIntClear.1)
                  00001468    00000008                   : adc.o (.tramp.ADCSequenceDataGet.1)
                  00001470    00000008                   : sysctl.o (.tramp.SysCtlClockGet.1)
                  00001478    00000008                   : sysctl.o (.tramp.SysCtlClockSet.1)
                  00001480    00000008                   : adc.o (.tramp.ADCIntEnable.1)
                  00001488    00000008                   : adc.o (.tramp.ADCIntClear.1)
                  00001490    00000008                   : adc.o (.tramp.ADCSequenceEnable.1)
                  00001498    00000008                   : adc.o (.tramp.ADCSequenceConfigure.1)
                  000014a0    00000008                   : adc.o (.tramp.ADCSequenceStepConfigure.1)
                  000014a8    00000008                   : gpio.o (.tramp.GPIOPinTypeADC.1)
                  000014b0    00000008                   : timer.o (.tramp.TimerEnable.1)
                  000014b8    00000008                   : udma.o (.tramp.uDMAChannelEnable.1)
                  000014c0    00000008                   : udma.o (.tramp.uDMAChannelTransferSet.1)
                  000014c8    00000008                   : udma.o (.tramp.uDMAChannelControlSet.1)
                  000014d0    00000008                   : udma.o (.tramp.uDMAChannelAttributeDisable.1)
                  000014d8    00000008                   : udma.o (.tramp.uDMAChannelAssign.1)
                  000014e0    00000008                   : udma.o (.tramp.uDMAControlBaseSet.1)
                  000014e8    00000008                   : udma.o (.tramp.uDMAEnable.1)
                  000014f0    00000008                   : timer.o (.tramp.TimerDMAEventSet.1)
                  000014f8    00000008                   : timer.o (.tramp.TimerIntEnable.1)
                  00001500    00000008                   : interrupt.o (.tramp.IntMasterEnable.1)
                  00001508    00000008                   : timer.o (.tramp.TimerControlTrigger.1)
                  00001510    00000008                   : timer.o (.tramp.TimerLoadSet.1)
                  00001518    00000008                   : timer.o (.tramp.TimerConfigure.1)
                  00001520    00000008                   : gpio.o (.tramp.GPIOPinTypeUART.1)
                  00001528    00000008                   : gpio.o (.tramp.GPIOPinConfigure.1)
                  00001530    00000008                   : gpio.o (.tramp.GPIOPinWrite.1)
                  00001538    00000008                   : gpio.o (.tramp.GPIOPinTypeGPIOOutput.1)
                  00001540    00000008                   : sysctl.o (.tramp.SysCtlDelay.1)
                  00001548    00000008                   : sysctl.o (.tramp.SysCtlPeripheralReset.1)
                  00001550    00000008                   : sysctl.o (.tramp.SysCtlPeripheralDisable.1)
                  00001558    00000008                   : sysctl.o (.tramp.SysCtlPeripheralEnable.1)
                  00001560    00000008                   : sysctl.o (.tramp.SysCtlPeripheralPresent.1)
                  00001568    00000008                   : interrupt.o (.tramp.IntUnregister.1)
                  00001570    00000008                   : interrupt.o (.tramp.IntDisable.1)
                  00001578    00000008                   : interrupt.o (.tramp.IntEnable.1)
                  00001580    00000008                   : interrupt.o (.tramp.IntRegister.1)

.const     0    00001588    000000b8     
                  00001588    00000040     uart.obj (.const:g_ppui32UARTIntMap)
                  000015c8    00000040     uart.obj (.const:g_ppui32UARTIntMapSnowflake)
                  00001608    00000012     uartstdio.obj (.const:.string)
                  0000161a    00000002     --HOLE-- [fill = 0]
                  0000161c    0000000c     uartstdio.obj (.const:g_ui32UARTBase)
                  00001628    0000000c     uartstdio.obj (.const:g_ui32UARTPeriph)
                  00001634    00000008     uart.obj (.const)
                  0000163c    00000004     uartstdio.obj (.const)

.constdata 
*          0    00001640    00000588     
                  00001640    00000254     driverlib.lib : sysctl.o (.constdata)
                  00001894    00000228                   : gpio.o (.constdata)
                  00001abc    0000010c                   : interrupt.o (.constdata)

i.IntRegister 
*          0    00001bc8    00000034     
                  00001bc8    00000034     driverlib.lib : interrupt.o (i.IntRegister)

i.TimerDMAEventSet 
*          0    00001bfc    00000004     
                  00001bfc    00000004     driverlib.lib : timer.o (i.TimerDMAEventSet)

vtable     0    00001c00    0000026c     UNINITIALIZED
                  00001c00    0000026c     driverlib.lib : interrupt.o (vtable)

i.SysCtlClockGet 
*          0    00001e6c    00000154     
                  00001e6c    00000154     driverlib.lib : sysctl.o (i.SysCtlClockGet)

i.GPIOPadConfigSet 
*          0    00001fc0    00000138     
                  00001fc0    00000138     driverlib.lib : gpio.o (i.GPIOPadConfigSet)

i.SysCtlClockSet 
*          0    000020f8    00000128     
                  000020f8    00000120     driverlib.lib : sysctl.o (i.SysCtlClockSet)
                  00002218    00000008                   : sysctl.o (.tramp.SysCtlDelay.2)

i.ADCSequenceStepConfigure 
*          0    00002220    0000009a     
                  00002220    0000009a     driverlib.lib : adc.o (i.ADCSequenceStepConfigure)

i._IntDefaultHandler 
*          0    000022ba    00000002     
                  000022ba    00000002     driverlib.lib : interrupt.o (i._IntDefaultHandler)

i.uDMAChannelTransferSet 
*          0    000022bc    00000080     
                  000022bc    00000080     driverlib.lib : udma.o (i.uDMAChannelTransferSet)

i.IntDisable 
*          0    0000233c    00000064     
                  0000233c    00000064     driverlib.lib : interrupt.o (i.IntDisable)

i.IntEnable 
*          0    000023a0    00000064     
                  000023a0    00000064     driverlib.lib : interrupt.o (i.IntEnable)

i.ADCSequenceConfigure 
*          0    00002404    00000060     
                  00002404    00000060     driverlib.lib : adc.o (i.ADCSequenceConfigure)

i.TimerConfigure 
*          0    00002464    00000060     
                  00002464    00000060     driverlib.lib : timer.o (i.TimerConfigure)

i.TimerControlTrigger 
*          0    000024c4    00000050     
                  000024c4    00000050     driverlib.lib : timer.o (i.TimerControlTrigger)

i.uDMAChannelAttributeDisable 
*          0    00002514    00000048     
                  00002514    00000048     driverlib.lib : udma.o (i.uDMAChannelAttributeDisable)

i.GPIOPinConfigure 
*          0    0000255c    00000044     
                  0000255c    00000044     driverlib.lib : gpio.o (i.GPIOPinConfigure)

i.SysCtlPeripheralReset 
*          0    000025a0    0000003c     
                  000025a0    0000003c     driverlib.lib : sysctl.o (i.SysCtlPeripheralReset)

.emb_text 
*          0    000025dc    0000002e     
                  000025dc    00000026     driverlib.lib : cpu.o (.emb_text)
                  00002602    00000002     --HOLE-- [fill = 0]
                  00002604    00000006                   : sysctl.o (.emb_text)

i.SysCtlPeripheralPresent 
*          0    0000260c    0000002c     
                  0000260c    0000002c     driverlib.lib : sysctl.o (i.SysCtlPeripheralPresent)

i.uDMAChannelAssign 
*          0    00002638    0000002c     
                  00002638    0000002c     driverlib.lib : udma.o (i.uDMAChannelAssign)

i.GPIODirModeSet 
*          0    00002664    00000028     
                  00002664    00000028     driverlib.lib : gpio.o (i.GPIODirModeSet)

i.SysCtlPeripheralDisable 
*          0    0000268c    00000028     
                  0000268c    00000028     driverlib.lib : sysctl.o (i.SysCtlPeripheralDisable)

i.SysCtlPeripheralEnable 
*          0    000026b4    00000028     
                  000026b4    00000028     driverlib.lib : sysctl.o (i.SysCtlPeripheralEnable)

i.ADCSequenceDataGet 
*          0    000026dc    00000024     
                  000026dc    00000024     driverlib.lib : adc.o (i.ADCSequenceDataGet)

i.uDMAChannelControlSet 
*          0    00002700    00000020     
                  00002700    00000020     driverlib.lib : udma.o (i.uDMAChannelControlSet)

i.GPIOPinTypeADC 
*          0    00002720    0000001c     
                  00002720    0000001c     driverlib.lib : gpio.o (i.GPIOPinTypeADC)

i.GPIOPinTypeGPIOOutput 
*          0    0000273c    0000001c     
                  0000273c    0000001c     driverlib.lib : gpio.o (i.GPIOPinTypeGPIOOutput)

i.GPIOPinTypeUART 
*          0    00002758    0000001c     
                  00002758    0000001c     driverlib.lib : gpio.o (i.GPIOPinTypeUART)

i.IntUnregister 
*          0    00002774    00000014     
                  00002774    00000014     driverlib.lib : interrupt.o (i.IntUnregister)

i.uDMAChannelEnable 
*          0    00002788    00000014     
                  00002788    00000014     driverlib.lib : udma.o (i.uDMAChannelEnable)

i.TimerLoadSet 
*          0    0000279c    00000012     
                  0000279c    00000012     driverlib.lib : timer.o (i.TimerLoadSet)

i.ADCIntEnable 
*          0    000027ae    00000010     
                  000027ae    00000010     driverlib.lib : adc.o (i.ADCIntEnable)

i.ADCSequenceEnable 
*          0    000027be    0000000e     
                  000027be    0000000e     driverlib.lib : adc.o (i.ADCSequenceEnable)

i.IntMasterEnable 
*          0    000027cc    0000000e     
                  000027cc    0000000e     driverlib.lib : interrupt.o (i.IntMasterEnable)

i.TimerEnable 
*          0    000027da    0000000e     
                  000027da    0000000e     driverlib.lib : timer.o (i.TimerEnable)

i.uDMAControlBaseSet 
*          0    000027e8    0000000c     
                  000027e8    0000000c     driverlib.lib : udma.o (i.uDMAControlBaseSet)

i.uDMAEnable 
*          0    000027f4    0000000c     
                  000027f4    0000000c     driverlib.lib : udma.o (i.uDMAEnable)

i.ADCIntClear 
*          0    00002800    0000000a     
                  00002800    0000000a     driverlib.lib : adc.o (i.ADCIntClear)

i.TimerIntEnable 
*          0    0000280a    00000008     
                  0000280a    00000008     driverlib.lib : timer.o (i.TimerIntEnable)

i.GPIOPinWrite 
*          0    00002812    00000006     
                  00002812    00000006     driverlib.lib : gpio.o (i.GPIOPinWrite)

i.TimerIntClear 
*          0    00002818    00000004     
                  00002818    00000004     driverlib.lib : timer.o (i.TimerIntClear)

.cinit     0    00002820    000000e0     
                  00002820    000000a8     (.cinit..data.load) [load image, compression = lzss]
                  000028c8    0000000c     (__TI_handler_table)
                  000028d4    00000009     (.cinit.vtable.load) [load image, compression = lzss]
                  000028dd    00000003     --HOLE-- [fill = 0]
                  000028e0    00000008     (.cinit..bss.load) [load image, compression = zero_init]
                  000028e8    00000018     (__TI_cinit_table)

.init_array 
*          0    00000000    00000000     UNINITIALIZED

.bss       0    20000000    00000728     UNINITIALIZED
                  20000000    00000400     (.common:uDMA_table)
                  20000400    00000320     (.common:adc_buffer)
                  20000720    00000004     (.common:pui32ADC0Value)
                  20000724    00000004     (.common:seno_increment)

.stack     0    20000728    00000200     UNINITIALIZED
                  20000728    00000200     --HOLE--

.data      0    20000928    000000c0     UNINITIALIZED
                  20000928    00000080     main.obj (.data:seno)
                  200009a8    00000020     main.obj (.data)
                  200009c8    0000000c     rtsv7M4_T_le_v4SPD16_eabi.lib : exit.obj (.data:$O1$$)
                  200009d4    00000008                                   : _lock.obj (.data:$O1$$)
                  200009dc    00000005     uartstdio.obj (.data)
                  200009e1    00000003     --HOLE--
                  200009e4    00000004     rtsv7M4_T_le_v4SPD16_eabi.lib : stkdepth_vars.obj (.data)

MODULE SUMMARY

       Module                         code   ro data   rw data
       ------                         ----   -------   -------
    .\
       main.obj                       928    0         1992   
       uart.obj                       1592   136       0      
       uartstdio.obj                  1180   46        5      
       tm4c123gh6pm_startup_ccs.obj   12     620       0      
    +--+------------------------------+------+---------+---------+
       Total:                         3712   802       1997   
                                                              
    C:/ti/TivaWare_C_Series-2.1.4.178/driverlib/rvmdk/driverlib.lib
       sysctl.o                       882    596       0      
       interrupt.o                    328    268       620    
       gpio.o                         550    552       0      
       udma.o                         376    0         0      
       adc.o                          374    0         0      
       timer.o                        280    0         0      
       cpu.o                          38     0         0      
    +--+------------------------------+------+---------+---------+
       Total:                         2828   1416      620    
                                                              
    C:\ti\ccsv7\tools\compiler\ti-cgt-arm_16.9.7.LTS\lib\rtsv7M4_T_le_v4SPD16_eabi.lib
       memcpy_t2.obj                  156    0         0      
       memset_t2.obj                  122    0         0      
       autoinit.obj                   112    0         0      
       copy_decompress_lzss.obj       104    0         0      
       exit.obj                       84     0         12     
       boot.obj                       84     0         0      
       cpy_tbl.obj                    76     0         0      
       u_divt2.obj                    64     0         0      
       _lock.obj                      20     0         8      
       args_main.obj                  24     0         0      
       copy_decompress_none.obj       14     0         0      
       copy_zero_init.obj             12     0         0      
       pre_init.obj                   4      0         0      
       stkdepth_vars.obj              0      0         4      
       i_div0.obj                     2      0         0      
       mpu_init.obj                   2      0         0      
       startup.obj                    2      0         0      
    +--+------------------------------+------+---------+---------+
       Total:                         882    0         24     
                                                              
       Stack:                         0      0         512    
       Linker Generated:              0      221       0      
    +--+------------------------------+------+---------+---------+
       Grand Total:                   7422   2439      3153   


LINKER GENERATED COPY TABLES

__TI_cinit_table @ 000028e8 records: 3, size/record: 8, table size: 24
	.data: load addr=00002820, load size=000000a8 bytes, run addr=20000928, run size=000000c0 bytes, compression=lzss
	vtable: load addr=000028d4, load size=00000009 bytes, run addr=00001c00, run size=0000026c bytes, compression=lzss
	.bss: load addr=000028e0, load size=00000008 bytes, run addr=20000000, run size=00000728 bytes, compression=zero_init


LINKER GENERATED HANDLER TABLE

__TI_handler_table @ 000028c8 records: 3, size/record: 4, table size: 12
	index: 0, handler: __TI_decompress_lzss
	index: 1, handler: __TI_decompress_none
	index: 2, handler: __TI_zero_init


FAR CALL TRAMPOLINES

callee name               trampoline name
   callee addr  tramp addr   call addr  call info
--------------  -----------  ---------  ----------------
TimerIntClear             $Tramp$TT$S$$TimerIntClear
   00002819     00001460     0000104e   main.obj (.text)
ADCSequenceDataGet        $Tramp$TT$S$$ADCSequenceDataGet
   000026dd     00001468     00000fd2   main.obj (.text)
SysCtlClockGet            $Tramp$TT$S$$SysCtlClockGet
   00001e6d     00001470     00000f76   main.obj (.text)
SysCtlClockSet            $Tramp$TT$S$$SysCtlClockSet
   000020f9     00001478     00000f3e   main.obj (.text)
ADCIntEnable              $Tramp$TT$S$$ADCIntEnable
   000027af     00001480     00000f1a   main.obj (.text)
ADCIntClear               $Tramp$TT$S$$ADCIntClear
   00002801     00001488     00000eea   main.obj (.text)
                             0000105a   main.obj (.text)
ADCSequenceEnable         $Tramp$TT$S$$ADCSequenceEnable
   000027bf     00001490     00000ee2   main.obj (.text)
ADCSequenceConfigure      $Tramp$TT$S$$ADCSequenceConfigure
   00002405     00001498     00000eda   main.obj (.text)
ADCSequenceStepConfigure  $Tramp$TT$S$$ADCSequenceStepConfigure
   00002221     000014a0     00000ece   main.obj (.text)
GPIOPinTypeADC            $Tramp$TT$S$$GPIOPinTypeADC
   00002721     000014a8     00000ec2   main.obj (.text)
TimerEnable               $Tramp$TT$S$$TimerEnable
   000027db     000014b0     00000e6e   main.obj (.text)
                             00000f28   main.obj (.text)
uDMAChannelEnable         $Tramp$TT$S$$uDMAChannelEnable
   00002789     000014b8     00000e66   main.obj (.text)
uDMAChannelTransferSet    $Tramp$TT$S$$uDMAChannelTransferSet
   000022bd     000014c0     00000e60   main.obj (.text)
uDMAChannelControlSet     $Tramp$TT$S$$uDMAChannelControlSet
   00002701     000014c8     00000e4e   main.obj (.text)
uDMAChannelAttributeDisable  $Tramp$TT$S$$uDMAChannelAttributeDisable
   00002515     000014d0     00000e44   main.obj (.text)
uDMAChannelAssign         $Tramp$TT$S$$uDMAChannelAssign
   00002639     000014d8     00000e3c   main.obj (.text)
uDMAControlBaseSet        $Tramp$TT$S$$uDMAControlBaseSet
   000027e9     000014e0     00000e36   main.obj (.text)
uDMAEnable                $Tramp$TT$S$$uDMAEnable
   000027f5     000014e8     00000e30   main.obj (.text)
TimerDMAEventSet          $Tramp$TT$S$$TimerDMAEventSet
   00001bfd     000014f0     00000e10   main.obj (.text)
TimerIntEnable            $Tramp$TT$S$$TimerIntEnable
   0000280b     000014f8     00000e08   main.obj (.text)
IntMasterEnable           $Tramp$TT$S$$IntMasterEnable
   000027cd     00001500     00000e00   main.obj (.text)
                             00000f12   main.obj (.text)
                             00000f42   main.obj (.text)
TimerControlTrigger       $Tramp$TT$S$$TimerControlTrigger
   000024c5     00001508     00000dfc   main.obj (.text)
                             00000f0e   main.obj (.text)
TimerLoadSet              $Tramp$TT$S$$TimerLoadSet
   0000279d     00001510     00000df2   main.obj (.text)
                             00000f04   main.obj (.text)
TimerConfigure            $Tramp$TT$S$$TimerConfigure
   00002465     00001518     00000de6   main.obj (.text)
                             00000ef8   main.obj (.text)
GPIOPinTypeUART           $Tramp$TT$S$$GPIOPinTypeUART
   00002759     00001520     00000da4   main.obj (.text)
                             00000e9e   main.obj (.text)
GPIOPinConfigure          $Tramp$TT$S$$GPIOPinConfigure
   0000255d     00001528     00000d92   main.obj (.text)
                             00000d9a   main.obj (.text)
                             00000e7e   main.obj (.text)
                             00000e86   main.obj (.text)
GPIOPinWrite              $Tramp$TT$S$$GPIOPinWrite
   00002813     00001530     00000d68   main.obj (.text)
                             00000fbc   main.obj (.text)
GPIOPinTypeGPIOOutput     $Tramp$TT$S$$GPIOPinTypeGPIOOutput
   0000273d     00001538     00000d5e   main.obj (.text)
                             00000d7c   main.obj (.text)
SysCtlDelay               $Tramp$TT$S$$SysCtlDelay
   00002605     00001540     00000d56   main.obj (.text)
                             00000d74   main.obj (.text)
                             00000f80   main.obj (.text)
SysCtlPeripheralReset     $Tramp$TT$S$$SysCtlPeripheralReset
   000025a1     00001548     00000d4a   main.obj (.text)
                             00000dd8   main.obj (.text)
                             00000e26   main.obj (.text)
SysCtlPeripheralDisable   $Tramp$TT$S$$SysCtlPeripheralDisable
   0000268d     00001550     00000d44   main.obj (.text)
                             00000dd2   main.obj (.text)
                             00000e20   main.obj (.text)
SysCtlPeripheralEnable    $Tramp$TT$S$$SysCtlPeripheralEnable
   000026b5     00001558     000008ce   uartstdio.obj (.text)
                             00000d50   main.obj (.text)
                             00000d6e   main.obj (.text)
                             00000d86   main.obj (.text)
                             00000d8c   main.obj (.text)
                             00000dde   main.obj (.text)
                             00000e2c   main.obj (.text)
                             00000e78   main.obj (.text)
                             00000e8c   main.obj (.text)
                             00000eb4   main.obj (.text)
                             00000eba   main.obj (.text)
                             00000ef0   main.obj (.text)
SysCtlPeripheralPresent   $Tramp$TT$S$$SysCtlPeripheralPresent
   0000260d     00001560     000008b4   uartstdio.obj (.text)
IntUnregister             $Tramp$TT$S$$IntUnregister
   00002775     00001568     00000718   uart.obj (.text)
IntDisable                $Tramp$TT$S$$IntDisable
   0000233d     00001570     00000712   uart.obj (.text)
IntEnable                 $Tramp$TT$S$$IntEnable
   000023a1     00001578     000006fa   uart.obj (.text)
                             00000dc8   main.obj (.text)
                             00000e16   main.obj (.text)
                             00000f20   main.obj (.text)
IntRegister               $Tramp$TT$S$$IntRegister
   00001bc9     00001580     000006f4   uart.obj (.text)
SysCtlDelay               $Tramp$TT$S$$SysCtlDelay
   00002605     00002218     00002202   driverlib.lib : sysctl.o (i.SysCtlClockSet)

[38 trampolines]
[71 trampoline calls]


GLOBAL SYMBOLS: SORTED ALPHABETICALLY BY Name 

address   name                           
-------   ----                           
00001055  ADC0IntHandler                 
00002801  ADCIntClear                    
000027af  ADCIntEnable                   
00002405  ADCSequenceConfigure           
000026dd  ADCSequenceDataGet             
000027bf  ADCSequenceEnable              
00002221  ADCSequenceStepConfigure       
00001325  C$$EXIT                        
000025fd  CPUbasepriGet                  
000025f7  CPUbasepriSet                  
000025dd  CPUcpsid                       
000025eb  CPUcpsie                       
000025e5  CPUprimask                     
000025f3  CPUwfi                         
00000eb1  ConfigureADC                   
00000d41  ConfigurePins                  
00000dcf  ConfigureTimers                
00000d83  ConfigureUART                  
00000e1d  ConfigureuDMA                  
00002665  GPIODirModeSet                 
00001fc1  GPIOPadConfigSet               
0000255d  GPIOPinConfigure               
00002721  GPIOPinTypeADC                 
0000273d  GPIOPinTypeGPIOOutput          
00002759  GPIOPinTypeUART                
00002813  GPIOPinWrite                   
00000e75  InitConsole                    
0000233d  IntDisable                     
000023a1  IntEnable                      
000027cd  IntMasterEnable                
00001bc9  IntRegister                    
00002775  IntUnregister                  
0000144b  ResetISR                       
UNDEFED   SHT$$INIT_ARRAY$$Base          
UNDEFED   SHT$$INIT_ARRAY$$Limit         
00001e6d  SysCtlClockGet                 
000020f9  SysCtlClockSet                 
00002605  SysCtlDelay                    
0000268d  SysCtlPeripheralDisable        
000026b5  SysCtlPeripheralEnable         
0000260d  SysCtlPeripheralPresent        
000025a1  SysCtlPeripheralReset          
00001043  Timer1IntHandler               
00002465  TimerConfigure                 
000024c5  TimerControlTrigger            
00001bfd  TimerDMAEventSet               
000027db  TimerEnable                    
00002819  TimerIntClear                  
0000280b  TimerIntEnable                 
0000279d  TimerLoadSet                   
00000847  UART9BitAddrSend               
00000821  UART9BitAddrSet                
0000080b  UART9BitDisable                
000007f5  UART9BitEnable                 
0000069b  UARTBreakCtl                   
000006c5  UARTBusy                       
00000643  UARTCharGet                    
00000627  UARTCharGetNonBlocking         
0000067d  UARTCharPut                    
00000659  UARTCharPutNonBlocking         
000005eb  UARTCharsAvail                 
000007e5  UARTClockSourceGet             
000007d1  UARTClockSourceSet             
000003b3  UARTConfigGetExpClk            
0000033d  UARTConfigSetExpClk            
00000797  UARTDMADisable                 
0000077f  UARTDMAEnable                  
00000423  UARTDisable                    
000004a7  UARTDisableSIR                 
000003ff  UARTEnable                     
00000479  UARTEnableSIR                  
00000463  UARTFIFODisable                
0000044d  UARTFIFOEnable                 
00000315  UARTFIFOLevelGet               
000002fd  UARTFIFOLevelSet               
000005ab  UARTFlowControlGet             
0000058f  UARTFlowControlSet             
0000076d  UARTIntClear                   
00000737  UARTIntDisable                 
0000071f  UARTIntEnable                  
000006e3  UARTIntRegister                
0000074f  UARTIntStatus                  
00000705  UARTIntUnregister              
0000088f  UARTLoopbackEnable             
00000545  UARTModemControlClear          
00000569  UARTModemControlGet            
00000505  UARTModemControlSet            
0000057b  UARTModemStatusGet             
000002eb  UARTParityModeGet              
000002cf  UARTParityModeSet              
000007c1  UARTRxErrorClear               
000007af  UARTRxErrorGet                 
000004ef  UARTSmartCardDisable           
000004bd  UARTSmartCardEnable            
00000609  UARTSpaceAvail                 
000008a5  UARTStdioConfig                
000005d9  UARTTxIntModeGet               
000005bd  UARTTxIntModeSet               
000009eb  UARTgetc                       
00000931  UARTgets                       
00000d0b  UARTprintf                     
00000a11  UARTvprintf                    
000008eb  UARTwrite                      
20000928  __STACK_END                    
00000200  __STACK_SIZE                   
20000928  __STACK_TOP                    
000028e8  __TI_CINIT_Base                
00002900  __TI_CINIT_Limit               
000028c8  __TI_Handler_Table_Base        
000028d4  __TI_Handler_Table_Limit       
000011f9  __TI_auto_init                 
200009c8  __TI_cleanup_ptr               
00001269  __TI_decompress_lzss           
00001431  __TI_decompress_none           
200009cc  __TI_dtors_ptr                 
200009d0  __TI_enable_exit_profile_output
ffffffff  __TI_pprof_out_hndl            
ffffffff  __TI_prof_data_size            
ffffffff  __TI_prof_data_start           
00000000  __TI_static_base__             
0000143f  __TI_zero_init                 
000011f7  __aeabi_idiv0                  
0000117d  __aeabi_memclr                 
0000117d  __aeabi_memclr4                
0000117d  __aeabi_memclr8                
000010e1  __aeabi_memcpy                 
000010e1  __aeabi_memcpy4                
000010e1  __aeabi_memcpy8                
0000117f  __aeabi_memset                 
0000117f  __aeabi_memset4                
0000117f  __aeabi_memset8                
000013c5  __aeabi_uidiv                  
000013c5  __aeabi_uidivmod               
ffffffff  __binit__                      
ffffffff  __c_args__                     
0000145b  __mpu_init                     
20000728  __stack                        
00001405  _args_main                     
000012d1  _c_int00                       
200009d4  _lock                          
0000142b  _nop                           
00001423  _register_lock                 
0000141d  _register_unlock               
0000145d  _system_post_cinit             
00001457  _system_pre_init               
200009d8  _unlock                        
00001329  abort                          
20000400  adc_buffer                     
ffffffff  binit                          
00001379  copy_in                        
00001331  exit                           
200009b4  flag_timer                     
00000000  g_pfnVectors                   
200009ac  i                              
00000f2f  main                           
200009e4  main_func_sp                   
000010e1  memcpy                         
00001185  memset                         
200009c0  print_flag                     
20000720  pui32ADC0Value                 
200009a8  sen_frq                        
200009aa  sen_res                        
20000928  seno                           
20000724  seno_increment                 
200009bc  timer0_flag                    
200009b8  timer1_flag                    
00002639  uDMAChannelAssign              
00002515  uDMAChannelAttributeDisable    
00002701  uDMAChannelControlSet          
00002789  uDMAChannelEnable              
000022bd  uDMAChannelTransferSet         
000027e9  uDMAControlBaseSet             
000027f5  uDMAEnable                     
20000000  uDMA_table                     
200009c4  uDMA_table_end                 
200009b0  z                              


GLOBAL SYMBOLS: SORTED BY Symbol Address 

address   name                           
-------   ----                           
00000000  __TI_static_base__             
00000000  g_pfnVectors                   
00000200  __STACK_SIZE                   
000002cf  UARTParityModeSet              
000002eb  UARTParityModeGet              
000002fd  UARTFIFOLevelSet               
00000315  UARTFIFOLevelGet               
0000033d  UARTConfigSetExpClk            
000003b3  UARTConfigGetExpClk            
000003ff  UARTEnable                     
00000423  UARTDisable                    
0000044d  UARTFIFOEnable                 
00000463  UARTFIFODisable                
00000479  UARTEnableSIR                  
000004a7  UARTDisableSIR                 
000004bd  UARTSmartCardEnable            
000004ef  UARTSmartCardDisable           
00000505  UARTModemControlSet            
00000545  UARTModemControlClear          
00000569  UARTModemControlGet            
0000057b  UARTModemStatusGet             
0000058f  UARTFlowControlSet             
000005ab  UARTFlowControlGet             
000005bd  UARTTxIntModeSet               
000005d9  UARTTxIntModeGet               
000005eb  UARTCharsAvail                 
00000609  UARTSpaceAvail                 
00000627  UARTCharGetNonBlocking         
00000643  UARTCharGet                    
00000659  UARTCharPutNonBlocking         
0000067d  UARTCharPut                    
0000069b  UARTBreakCtl                   
000006c5  UARTBusy                       
000006e3  UARTIntRegister                
00000705  UARTIntUnregister              
0000071f  UARTIntEnable                  
00000737  UARTIntDisable                 
0000074f  UARTIntStatus                  
0000076d  UARTIntClear                   
0000077f  UARTDMAEnable                  
00000797  UARTDMADisable                 
000007af  UARTRxErrorGet                 
000007c1  UARTRxErrorClear               
000007d1  UARTClockSourceSet             
000007e5  UARTClockSourceGet             
000007f5  UART9BitEnable                 
0000080b  UART9BitDisable                
00000821  UART9BitAddrSet                
00000847  UART9BitAddrSend               
0000088f  UARTLoopbackEnable             
000008a5  UARTStdioConfig                
000008eb  UARTwrite                      
00000931  UARTgets                       
000009eb  UARTgetc                       
00000a11  UARTvprintf                    
00000d0b  UARTprintf                     
00000d41  ConfigurePins                  
00000d83  ConfigureUART                  
00000dcf  ConfigureTimers                
00000e1d  ConfigureuDMA                  
00000e75  InitConsole                    
00000eb1  ConfigureADC                   
00000f2f  main                           
00001043  Timer1IntHandler               
00001055  ADC0IntHandler                 
000010e1  __aeabi_memcpy                 
000010e1  __aeabi_memcpy4                
000010e1  __aeabi_memcpy8                
000010e1  memcpy                         
0000117d  __aeabi_memclr                 
0000117d  __aeabi_memclr4                
0000117d  __aeabi_memclr8                
0000117f  __aeabi_memset                 
0000117f  __aeabi_memset4                
0000117f  __aeabi_memset8                
00001185  memset                         
000011f7  __aeabi_idiv0                  
000011f9  __TI_auto_init                 
00001269  __TI_decompress_lzss           
000012d1  _c_int00                       
00001325  C$$EXIT                        
00001329  abort                          
00001331  exit                           
00001379  copy_in                        
000013c5  __aeabi_uidiv                  
000013c5  __aeabi_uidivmod               
00001405  _args_main                     
0000141d  _register_unlock               
00001423  _register_lock                 
0000142b  _nop                           
00001431  __TI_decompress_none           
0000143f  __TI_zero_init                 
0000144b  ResetISR                       
00001457  _system_pre_init               
0000145b  __mpu_init                     
0000145d  _system_post_cinit             
00001bc9  IntRegister                    
00001bfd  TimerDMAEventSet               
00001e6d  SysCtlClockGet                 
00001fc1  GPIOPadConfigSet               
000020f9  SysCtlClockSet                 
00002221  ADCSequenceStepConfigure       
000022bd  uDMAChannelTransferSet         
0000233d  IntDisable                     
000023a1  IntEnable                      
00002405  ADCSequenceConfigure           
00002465  TimerConfigure                 
000024c5  TimerControlTrigger            
00002515  uDMAChannelAttributeDisable    
0000255d  GPIOPinConfigure               
000025a1  SysCtlPeripheralReset          
000025dd  CPUcpsid                       
000025e5  CPUprimask                     
000025eb  CPUcpsie                       
000025f3  CPUwfi                         
000025f7  CPUbasepriSet                  
000025fd  CPUbasepriGet                  
00002605  SysCtlDelay                    
0000260d  SysCtlPeripheralPresent        
00002639  uDMAChannelAssign              
00002665  GPIODirModeSet                 
0000268d  SysCtlPeripheralDisable        
000026b5  SysCtlPeripheralEnable         
000026dd  ADCSequenceDataGet             
00002701  uDMAChannelControlSet          
00002721  GPIOPinTypeADC                 
0000273d  GPIOPinTypeGPIOOutput          
00002759  GPIOPinTypeUART                
00002775  IntUnregister                  
00002789  uDMAChannelEnable              
0000279d  TimerLoadSet                   
000027af  ADCIntEnable                   
000027bf  ADCSequenceEnable              
000027cd  IntMasterEnable                
000027db  TimerEnable                    
000027e9  uDMAControlBaseSet             
000027f5  uDMAEnable                     
00002801  ADCIntClear                    
0000280b  TimerIntEnable                 
00002813  GPIOPinWrite                   
00002819  TimerIntClear                  
000028c8  __TI_Handler_Table_Base        
000028d4  __TI_Handler_Table_Limit       
000028e8  __TI_CINIT_Base                
00002900  __TI_CINIT_Limit               
20000000  uDMA_table                     
20000400  adc_buffer                     
20000720  pui32ADC0Value                 
20000724  seno_increment                 
20000728  __stack                        
20000928  __STACK_END                    
20000928  __STACK_TOP                    
20000928  seno                           
200009a8  sen_frq                        
200009aa  sen_res                        
200009ac  i                              
200009b0  z                              
200009b4  flag_timer                     
200009b8  timer1_flag                    
200009bc  timer0_flag                    
200009c0  print_flag                     
200009c4  uDMA_table_end                 
200009c8  __TI_cleanup_ptr               
200009cc  __TI_dtors_ptr                 
200009d0  __TI_enable_exit_profile_output
200009d4  _lock                          
200009d8  _unlock                        
200009e4  main_func_sp                   
ffffffff  __TI_pprof_out_hndl            
ffffffff  __TI_prof_data_size            
ffffffff  __TI_prof_data_start           
ffffffff  __binit__                      
ffffffff  __c_args__                     
ffffffff  binit                          
UNDEFED   SHT$$INIT_ARRAY$$Base          
UNDEFED   SHT$$INIT_ARRAY$$Limit         

[176 symbols]
