******************************************************************************
                  TI ARM Linker PC v16.9.7                     
******************************************************************************
>> Linked Fri Jun 08 15:48:13 2018

OUTPUT FILE NAME:   <impedance.out>
ENTRY POINT SYMBOL: "_c_int00"  address: 000011f1


MEMORY CONFIGURATION

         name            origin    length      used     unused   attr    fill
----------------------  --------  ---------  --------  --------  ----  --------
  FLASH                 00000000   00040000  000027ca  0003d836  R  X
  SRAM                  20000000   00008000  000006ac  00007954  RW X


SEGMENT ALLOCATION MAP

run origin  load origin   length   init length attrs members
----------  ----------- ---------- ----------- ----- -------
00000000    00000000    00001c00   00001c00    r-x
  00000000    00000000    0000026c   0000026c    r-- .intvecs
  0000026c    0000026c    00001224   00001224    r-x .text
  00001490    00001490    000000b8   000000b8    r-- .const
  00001548    00001548    00000588   00000588    r-- .constdata
  00001ad0    00001ad0    00000128   00000128    r-x i.SysCtlClockSet
  00001bf8    00001bf8    00000008   00000008    r-x i.TimerIntEnable
00001c00    00001c00    0000026c   00000000    rw-
  00001c00    00001c00    0000026c   00000000    rw- vtable
00001e6c    00001e6c    00000880   00000880    r-x
  00001e6c    00001e6c    00000154   00000154    r-x i.SysCtlClockGet
  00001fc0    00001fc0    00000138   00000138    r-x i.GPIOPadConfigSet
  000020f8    000020f8    0000009a   0000009a    r-x i.ADCSequenceStepConfigure
  00002192    00002192    00000002   00000002    r-x i._IntDefaultHandler
  00002194    00002194    00000080   00000080    r-x i.uDMAChannelTransferSet
  00002214    00002214    00000064   00000064    r-x i.IntDisable
  00002278    00002278    00000064   00000064    r-x i.IntEnable
  000022dc    000022dc    00000060   00000060    r-x i.ADCSequenceConfigure
  0000233c    0000233c    00000060   00000060    r-x i.TimerConfigure
  0000239c    0000239c    00000050   00000050    r-x i.TimerControlTrigger
  000023ec    000023ec    00000048   00000048    r-x i.uDMAChannelAttributeDisable
  00002434    00002434    00000044   00000044    r-x i.GPIOPinConfigure
  00002478    00002478    0000003c   0000003c    r-x i.SysCtlPeripheralReset
  000024b4    000024b4    00000034   00000034    r-x i.IntRegister
  000024e8    000024e8    0000002e   0000002e    r-x .emb_text
  00002518    00002518    0000002c   0000002c    r-x i.SysCtlPeripheralPresent
  00002544    00002544    0000002c   0000002c    r-x i.uDMAChannelAssign
  00002570    00002570    00000028   00000028    r-x i.GPIODirModeSet
  00002598    00002598    00000028   00000028    r-x i.SysCtlPeripheralDisable
  000025c0    000025c0    00000028   00000028    r-x i.SysCtlPeripheralEnable
  000025e8    000025e8    00000020   00000020    r-x i.uDMAChannelControlSet
  00002608    00002608    0000001c   0000001c    r-x i.GPIOPinTypeADC
  00002624    00002624    0000001c   0000001c    r-x i.GPIOPinTypeGPIOOutput
  00002640    00002640    0000001c   0000001c    r-x i.GPIOPinTypeUART
  0000265c    0000265c    00000014   00000014    r-x i.IntUnregister
  00002670    00002670    00000014   00000014    r-x i.uDMAChannelEnable
  00002684    00002684    00000012   00000012    r-x i.TimerLoadSet
  00002696    00002696    0000000e   0000000e    r-x i.ADCSequenceEnable
  000026a4    000026a4    0000000e   0000000e    r-x i.IntMasterEnable
  000026b2    000026b2    0000000e   0000000e    r-x i.TimerEnable
  000026c0    000026c0    0000000c   0000000c    r-x i.uDMAControlBaseSet
  000026cc    000026cc    0000000c   0000000c    r-x i.uDMAEnable
  000026d8    000026d8    0000000a   0000000a    r-x i.ADCIntClear
  000026e2    000026e2    00000006   00000006    r-x i.GPIOPinWrite
  000026e8    000026e8    00000004   00000004    r-x i.TimerIntClear
000026f0    000026f0    000000e0   000000e0    r--
  000026f0    000026f0    000000e0   000000e0    r-- .cinit
20000000    20000000    000006ac   00000000    rw-
  20000000    20000000    00000400   00000000    rw- .bss
  20000400    20000400    00000200   00000000    rw- .stack
  20000600    20000600    000000ac   00000000    rw- .data


SECTION ALLOCATION MAP

 output                                  attributes/
section   page    origin      length       input sections
--------  ----  ----------  ----------   ----------------
.intvecs   0    00000000    0000026c     
                  00000000    0000026c     tm4c123gh6pm_startup_ccs.obj (.intvecs)

.text      0    0000026c    00001224     
                  0000026c    00000638     uart.obj (.text)
                  000008a4    0000049c     uartstdio.obj (.text)
                  00000d40    000002c0     main.obj (.text)
                  00001000    0000009c     rtsv7M4_T_le_v4SPD16_eabi.lib : memcpy_t2.obj (.text)
                  0000109c    0000007a                                   : memset_t2.obj (.text)
                  00001116    00000002                                   : i_div0.obj (.text)
                  00001118    00000070                                   : autoinit.obj (.text)
                  00001188    00000068                                   : copy_decompress_lzss.obj (.text:decompress:lzss)
                  000011f0    00000054                                   : boot.obj (.text)
                  00001244    00000054                                   : exit.obj (.text)
                  00001298    0000004c                                   : cpy_tbl.obj (.text)
                  000012e4    00000040                                   : u_divt2.obj (.text)
                  00001324    00000018                                   : args_main.obj (.text)
                  0000133c    00000014                                   : _lock.obj (.text)
                  00001350    0000000e                                   : copy_decompress_none.obj (.text:decompress:none)
                  0000135e    0000000c                                   : copy_zero_init.obj (.text:decompress:ZI)
                  0000136a    0000000c     tm4c123gh6pm_startup_ccs.obj (.text)
                  00001376    00000004     rtsv7M4_T_le_v4SPD16_eabi.lib : pre_init.obj (.text)
                  0000137a    00000002                                   : mpu_init.obj (.text)
                  0000137c    00000002                                   : startup.obj (.text)
                  0000137e    00000002     --HOLE-- [fill = 0]
                  00001380    00000008     driverlib.lib : timer.o (.tramp.TimerIntClear.1)
                  00001388    00000008                   : sysctl.o (.tramp.SysCtlClockSet.1)
                  00001390    00000008                   : sysctl.o (.tramp.SysCtlClockGet.1)
                  00001398    00000008                   : adc.o (.tramp.ADCIntClear.1)
                  000013a0    00000008                   : adc.o (.tramp.ADCSequenceEnable.1)
                  000013a8    00000008                   : adc.o (.tramp.ADCSequenceStepConfigure.1)
                  000013b0    00000008                   : adc.o (.tramp.ADCSequenceConfigure.1)
                  000013b8    00000008                   : gpio.o (.tramp.GPIOPinTypeADC.1)
                  000013c0    00000008                   : timer.o (.tramp.TimerEnable.1)
                  000013c8    00000008                   : udma.o (.tramp.uDMAChannelEnable.1)
                  000013d0    00000008                   : udma.o (.tramp.uDMAChannelTransferSet.1)
                  000013d8    00000008                   : udma.o (.tramp.uDMAChannelControlSet.1)
                  000013e0    00000008                   : udma.o (.tramp.uDMAChannelAttributeDisable.1)
                  000013e8    00000008                   : udma.o (.tramp.uDMAChannelAssign.1)
                  000013f0    00000008                   : udma.o (.tramp.uDMAControlBaseSet.1)
                  000013f8    00000008                   : udma.o (.tramp.uDMAEnable.1)
                  00001400    00000008                   : timer.o (.tramp.TimerIntEnable.1)
                  00001408    00000008                   : interrupt.o (.tramp.IntMasterEnable.1)
                  00001410    00000008                   : timer.o (.tramp.TimerControlTrigger.1)
                  00001418    00000008                   : timer.o (.tramp.TimerLoadSet.1)
                  00001420    00000008                   : timer.o (.tramp.TimerConfigure.1)
                  00001428    00000008                   : gpio.o (.tramp.GPIOPinTypeUART.1)
                  00001430    00000008                   : gpio.o (.tramp.GPIOPinConfigure.1)
                  00001438    00000008                   : gpio.o (.tramp.GPIOPinWrite.1)
                  00001440    00000008                   : gpio.o (.tramp.GPIOPinTypeGPIOOutput.1)
                  00001448    00000008                   : sysctl.o (.tramp.SysCtlDelay.1)
                  00001450    00000008                   : sysctl.o (.tramp.SysCtlPeripheralReset.1)
                  00001458    00000008                   : sysctl.o (.tramp.SysCtlPeripheralDisable.1)
                  00001460    00000008                   : sysctl.o (.tramp.SysCtlPeripheralEnable.1)
                  00001468    00000008                   : sysctl.o (.tramp.SysCtlPeripheralPresent.1)
                  00001470    00000008                   : interrupt.o (.tramp.IntUnregister.1)
                  00001478    00000008                   : interrupt.o (.tramp.IntDisable.1)
                  00001480    00000008                   : interrupt.o (.tramp.IntEnable.1)
                  00001488    00000008                   : interrupt.o (.tramp.IntRegister.1)

.const     0    00001490    000000b8     
                  00001490    00000040     uart.obj (.const:g_ppui32UARTIntMap)
                  000014d0    00000040     uart.obj (.const:g_ppui32UARTIntMapSnowflake)
                  00001510    00000012     uartstdio.obj (.const:.string)
                  00001522    00000002     --HOLE-- [fill = 0]
                  00001524    0000000c     uartstdio.obj (.const:g_ui32UARTBase)
                  00001530    0000000c     uartstdio.obj (.const:g_ui32UARTPeriph)
                  0000153c    00000008     uart.obj (.const)
                  00001544    00000004     uartstdio.obj (.const)

.constdata 
*          0    00001548    00000588     
                  00001548    00000254     driverlib.lib : sysctl.o (.constdata)
                  0000179c    00000228                   : gpio.o (.constdata)
                  000019c4    0000010c                   : interrupt.o (.constdata)

i.SysCtlClockSet 
*          0    00001ad0    00000128     
                  00001ad0    00000120     driverlib.lib : sysctl.o (i.SysCtlClockSet)
                  00001bf0    00000008                   : sysctl.o (.tramp.SysCtlDelay.2)

i.TimerIntEnable 
*          0    00001bf8    00000008     
                  00001bf8    00000008     driverlib.lib : timer.o (i.TimerIntEnable)

vtable     0    00001c00    0000026c     UNINITIALIZED
                  00001c00    0000026c     driverlib.lib : interrupt.o (vtable)

i.SysCtlClockGet 
*          0    00001e6c    00000154     
                  00001e6c    00000154     driverlib.lib : sysctl.o (i.SysCtlClockGet)

i.GPIOPadConfigSet 
*          0    00001fc0    00000138     
                  00001fc0    00000138     driverlib.lib : gpio.o (i.GPIOPadConfigSet)

i.ADCSequenceStepConfigure 
*          0    000020f8    0000009a     
                  000020f8    0000009a     driverlib.lib : adc.o (i.ADCSequenceStepConfigure)

i._IntDefaultHandler 
*          0    00002192    00000002     
                  00002192    00000002     driverlib.lib : interrupt.o (i._IntDefaultHandler)

i.uDMAChannelTransferSet 
*          0    00002194    00000080     
                  00002194    00000080     driverlib.lib : udma.o (i.uDMAChannelTransferSet)

i.IntDisable 
*          0    00002214    00000064     
                  00002214    00000064     driverlib.lib : interrupt.o (i.IntDisable)

i.IntEnable 
*          0    00002278    00000064     
                  00002278    00000064     driverlib.lib : interrupt.o (i.IntEnable)

i.ADCSequenceConfigure 
*          0    000022dc    00000060     
                  000022dc    00000060     driverlib.lib : adc.o (i.ADCSequenceConfigure)

i.TimerConfigure 
*          0    0000233c    00000060     
                  0000233c    00000060     driverlib.lib : timer.o (i.TimerConfigure)

i.TimerControlTrigger 
*          0    0000239c    00000050     
                  0000239c    00000050     driverlib.lib : timer.o (i.TimerControlTrigger)

i.uDMAChannelAttributeDisable 
*          0    000023ec    00000048     
                  000023ec    00000048     driverlib.lib : udma.o (i.uDMAChannelAttributeDisable)

i.GPIOPinConfigure 
*          0    00002434    00000044     
                  00002434    00000044     driverlib.lib : gpio.o (i.GPIOPinConfigure)

i.SysCtlPeripheralReset 
*          0    00002478    0000003c     
                  00002478    0000003c     driverlib.lib : sysctl.o (i.SysCtlPeripheralReset)

i.IntRegister 
*          0    000024b4    00000034     
                  000024b4    00000034     driverlib.lib : interrupt.o (i.IntRegister)

.emb_text 
*          0    000024e8    0000002e     
                  000024e8    00000026     driverlib.lib : cpu.o (.emb_text)
                  0000250e    00000002     --HOLE-- [fill = 0]
                  00002510    00000006                   : sysctl.o (.emb_text)

i.SysCtlPeripheralPresent 
*          0    00002518    0000002c     
                  00002518    0000002c     driverlib.lib : sysctl.o (i.SysCtlPeripheralPresent)

i.uDMAChannelAssign 
*          0    00002544    0000002c     
                  00002544    0000002c     driverlib.lib : udma.o (i.uDMAChannelAssign)

i.GPIODirModeSet 
*          0    00002570    00000028     
                  00002570    00000028     driverlib.lib : gpio.o (i.GPIODirModeSet)

i.SysCtlPeripheralDisable 
*          0    00002598    00000028     
                  00002598    00000028     driverlib.lib : sysctl.o (i.SysCtlPeripheralDisable)

i.SysCtlPeripheralEnable 
*          0    000025c0    00000028     
                  000025c0    00000028     driverlib.lib : sysctl.o (i.SysCtlPeripheralEnable)

i.uDMAChannelControlSet 
*          0    000025e8    00000020     
                  000025e8    00000020     driverlib.lib : udma.o (i.uDMAChannelControlSet)

i.GPIOPinTypeADC 
*          0    00002608    0000001c     
                  00002608    0000001c     driverlib.lib : gpio.o (i.GPIOPinTypeADC)

i.GPIOPinTypeGPIOOutput 
*          0    00002624    0000001c     
                  00002624    0000001c     driverlib.lib : gpio.o (i.GPIOPinTypeGPIOOutput)

i.GPIOPinTypeUART 
*          0    00002640    0000001c     
                  00002640    0000001c     driverlib.lib : gpio.o (i.GPIOPinTypeUART)

i.IntUnregister 
*          0    0000265c    00000014     
                  0000265c    00000014     driverlib.lib : interrupt.o (i.IntUnregister)

i.uDMAChannelEnable 
*          0    00002670    00000014     
                  00002670    00000014     driverlib.lib : udma.o (i.uDMAChannelEnable)

i.TimerLoadSet 
*          0    00002684    00000012     
                  00002684    00000012     driverlib.lib : timer.o (i.TimerLoadSet)

i.ADCSequenceEnable 
*          0    00002696    0000000e     
                  00002696    0000000e     driverlib.lib : adc.o (i.ADCSequenceEnable)

i.IntMasterEnable 
*          0    000026a4    0000000e     
                  000026a4    0000000e     driverlib.lib : interrupt.o (i.IntMasterEnable)

i.TimerEnable 
*          0    000026b2    0000000e     
                  000026b2    0000000e     driverlib.lib : timer.o (i.TimerEnable)

i.uDMAControlBaseSet 
*          0    000026c0    0000000c     
                  000026c0    0000000c     driverlib.lib : udma.o (i.uDMAControlBaseSet)

i.uDMAEnable 
*          0    000026cc    0000000c     
                  000026cc    0000000c     driverlib.lib : udma.o (i.uDMAEnable)

i.ADCIntClear 
*          0    000026d8    0000000a     
                  000026d8    0000000a     driverlib.lib : adc.o (i.ADCIntClear)

i.GPIOPinWrite 
*          0    000026e2    00000006     
                  000026e2    00000006     driverlib.lib : gpio.o (i.GPIOPinWrite)

i.TimerIntClear 
*          0    000026e8    00000004     
                  000026e8    00000004     driverlib.lib : timer.o (i.TimerIntClear)

.cinit     0    000026f0    000000e0     
                  000026f0    000000a5     (.cinit..data.load) [load image, compression = lzss]
                  00002795    00000003     --HOLE-- [fill = 0]
                  00002798    0000000c     (__TI_handler_table)
                  000027a4    00000009     (.cinit.vtable.load) [load image, compression = lzss]
                  000027ad    00000003     --HOLE-- [fill = 0]
                  000027b0    00000008     (.cinit..bss.load) [load image, compression = zero_init]
                  000027b8    00000018     (__TI_cinit_table)

.init_array 
*          0    00000000    00000000     UNINITIALIZED

.bss       0    20000000    00000400     UNINITIALIZED
                  20000000    00000400     (.common:uDMA_table)

.stack     0    20000400    00000200     UNINITIALIZED
                  20000400    00000200     --HOLE--

.data      0    20000600    000000ac     UNINITIALIZED
                  20000600    00000080     main.obj (.data:seno)
                  20000680    0000000c     rtsv7M4_T_le_v4SPD16_eabi.lib : exit.obj (.data:$O1$$)
                  2000068c    0000000c     main.obj (.data)
                  20000698    00000008     rtsv7M4_T_le_v4SPD16_eabi.lib : _lock.obj (.data:$O1$$)
                  200006a0    00000005     uartstdio.obj (.data)
                  200006a5    00000003     --HOLE--
                  200006a8    00000004     rtsv7M4_T_le_v4SPD16_eabi.lib : stkdepth_vars.obj (.data)

MODULE SUMMARY

       Module                         code   ro data   rw data
       ------                         ----   -------   -------
    .\
       main.obj                       704    0         1164   
       uart.obj                       1592   136       0      
       uartstdio.obj                  1180   46        5      
       tm4c123gh6pm_startup_ccs.obj   12     620       0      
    +--+------------------------------+------+---------+---------+
       Total:                         3488   802       1169   
                                                              
    C:/ti/TivaWare_C_Series-2.1.4.178/driverlib/rvmdk/driverlib.lib
       sysctl.o                       882    596       0      
       interrupt.o                    328    268       620    
       gpio.o                         550    552       0      
       udma.o                         376    0         0      
       adc.o                          306    0         0      
       timer.o                        268    0         0      
       cpu.o                          38     0         0      
    +--+------------------------------+------+---------+---------+
       Total:                         2748   1416      620    
                                                              
    C:\ti\ccsv7\tools\compiler\ti-cgt-arm_16.9.7.LTS\lib\rtsv7M4_T_le_v4SPD16_eabi.lib
       memcpy_t2.obj                  156    0         0      
       memset_t2.obj                  122    0         0      
       autoinit.obj                   112    0         0      
       copy_decompress_lzss.obj       104    0         0      
       exit.obj                       84     0         12     
       boot.obj                       84     0         0      
       cpy_tbl.obj                    76     0         0      
       u_divt2.obj                    64     0         0      
       _lock.obj                      20     0         8      
       args_main.obj                  24     0         0      
       copy_decompress_none.obj       14     0         0      
       copy_zero_init.obj             12     0         0      
       pre_init.obj                   4      0         0      
       stkdepth_vars.obj              0      0         4      
       i_div0.obj                     2      0         0      
       mpu_init.obj                   2      0         0      
       startup.obj                    2      0         0      
    +--+------------------------------+------+---------+---------+
       Total:                         882    0         24     
                                                              
       Stack:                         0      0         512    
       Linker Generated:              0      218       0      
    +--+------------------------------+------+---------+---------+
       Grand Total:                   7118   2436      2325   


LINKER GENERATED COPY TABLES

__TI_cinit_table @ 000027b8 records: 3, size/record: 8, table size: 24
	.data: load addr=000026f0, load size=000000a5 bytes, run addr=20000600, run size=000000ac bytes, compression=lzss
	vtable: load addr=000027a4, load size=00000009 bytes, run addr=00001c00, run size=0000026c bytes, compression=lzss
	.bss: load addr=000027b0, load size=00000008 bytes, run addr=20000000, run size=00000400 bytes, compression=zero_init


LINKER GENERATED HANDLER TABLE

__TI_handler_table @ 00002798 records: 3, size/record: 4, table size: 12
	index: 0, handler: __TI_decompress_lzss
	index: 1, handler: __TI_decompress_none
	index: 2, handler: __TI_zero_init


FAR CALL TRAMPOLINES

callee name               trampoline name
   callee addr  tramp addr   call addr  call info
--------------  -----------  ---------  ----------------
TimerIntClear             $Tramp$TT$S$$TimerIntClear
   000026e9     00001380     00000f4e   main.obj (.text)
SysCtlClockSet            $Tramp$TT$S$$SysCtlClockSet
   00001ad1     00001388     00000f2e   main.obj (.text)
SysCtlClockGet            $Tramp$TT$S$$SysCtlClockGet
   00001e6d     00001390     00000f0a   main.obj (.text)
                             00000f5c   main.obj (.text)
ADCIntClear               $Tramp$TT$S$$ADCIntClear
   000026d9     00001398     00000ef8   main.obj (.text)
ADCSequenceEnable         $Tramp$TT$S$$ADCSequenceEnable
   00002697     000013a0     00000eea   main.obj (.text)
ADCSequenceStepConfigure  $Tramp$TT$S$$ADCSequenceStepConfigure
   000020f9     000013a8     00000ee2   main.obj (.text)
ADCSequenceConfigure      $Tramp$TT$S$$ADCSequenceConfigure
   000022dd     000013b0     00000ed6   main.obj (.text)
GPIOPinTypeADC            $Tramp$TT$S$$GPIOPinTypeADC
   00002609     000013b8     00000eca   main.obj (.text)
TimerEnable               $Tramp$TT$S$$TimerEnable
   000026b3     000013c0     00000e76   main.obj (.text)
                             00000f90   main.obj (.text)
uDMAChannelEnable         $Tramp$TT$S$$uDMAChannelEnable
   00002671     000013c8     00000e6e   main.obj (.text)
                             00000f88   main.obj (.text)
uDMAChannelTransferSet    $Tramp$TT$S$$uDMAChannelTransferSet
   00002195     000013d0     00000e68   main.obj (.text)
                             00000f82   main.obj (.text)
uDMAChannelControlSet     $Tramp$TT$S$$uDMAChannelControlSet
   000025e9     000013d8     00000e58   main.obj (.text)
uDMAChannelAttributeDisable  $Tramp$TT$S$$uDMAChannelAttributeDisable
   000023ed     000013e0     00000e4e   main.obj (.text)
uDMAChannelAssign         $Tramp$TT$S$$uDMAChannelAssign
   00002545     000013e8     00000e46   main.obj (.text)
uDMAControlBaseSet        $Tramp$TT$S$$uDMAControlBaseSet
   000026c1     000013f0     00000e40   main.obj (.text)
uDMAEnable                $Tramp$TT$S$$uDMAEnable
   000026cd     000013f8     00000e3a   main.obj (.text)
TimerIntEnable            $Tramp$TT$S$$TimerIntEnable
   00001bf9     00001400     00000e20   main.obj (.text)
IntMasterEnable           $Tramp$TT$S$$IntMasterEnable
   000026a5     00001408     00000e12   main.obj (.text)
                             00000f32   main.obj (.text)
TimerControlTrigger       $Tramp$TT$S$$TimerControlTrigger
   0000239d     00001410     00000e0e   main.obj (.text)
                             00000f24   main.obj (.text)
TimerLoadSet              $Tramp$TT$S$$TimerLoadSet
   00002685     00001418     00000e04   main.obj (.text)
                             00000f1a   main.obj (.text)
TimerConfigure            $Tramp$TT$S$$TimerConfigure
   0000233d     00001420     00000de6   main.obj (.text)
                             00000f06   main.obj (.text)
GPIOPinTypeUART           $Tramp$TT$S$$GPIOPinTypeUART
   00002641     00001428     00000da4   main.obj (.text)
                             00000ea6   main.obj (.text)
GPIOPinConfigure          $Tramp$TT$S$$GPIOPinConfigure
   00002435     00001430     00000d92   main.obj (.text)
                             00000d9a   main.obj (.text)
                             00000e86   main.obj (.text)
                             00000e8e   main.obj (.text)
GPIOPinWrite              $Tramp$TT$S$$GPIOPinWrite
   000026e3     00001438     00000d68   main.obj (.text)
                             00000f58   main.obj (.text)
                             00000f72   main.obj (.text)
GPIOPinTypeGPIOOutput     $Tramp$TT$S$$GPIOPinTypeGPIOOutput
   00002625     00001440     00000d5e   main.obj (.text)
                             00000d7c   main.obj (.text)
SysCtlDelay               $Tramp$TT$S$$SysCtlDelay
   00002511     00001448     00000d56   main.obj (.text)
                             00000d74   main.obj (.text)
                             00000f68   main.obj (.text)
SysCtlPeripheralReset     $Tramp$TT$S$$SysCtlPeripheralReset
   00002479     00001450     00000d4a   main.obj (.text)
                             00000dd8   main.obj (.text)
                             00000e30   main.obj (.text)
SysCtlPeripheralDisable   $Tramp$TT$S$$SysCtlPeripheralDisable
   00002599     00001458     00000d44   main.obj (.text)
                             00000dd2   main.obj (.text)
                             00000e2a   main.obj (.text)
SysCtlPeripheralEnable    $Tramp$TT$S$$SysCtlPeripheralEnable
   000025c1     00001460     000008ce   uartstdio.obj (.text)
                             00000d50   main.obj (.text)
                             00000d6e   main.obj (.text)
                             00000d86   main.obj (.text)
                             00000d8c   main.obj (.text)
                             00000dde   main.obj (.text)
                             00000e36   main.obj (.text)
                             00000e80   main.obj (.text)
                             00000e94   main.obj (.text)
                             00000ebc   main.obj (.text)
                             00000ec2   main.obj (.text)
                             00000efe   main.obj (.text)
SysCtlPeripheralPresent   $Tramp$TT$S$$SysCtlPeripheralPresent
   00002519     00001468     000008b4   uartstdio.obj (.text)
IntUnregister             $Tramp$TT$S$$IntUnregister
   0000265d     00001470     00000718   uart.obj (.text)
IntDisable                $Tramp$TT$S$$IntDisable
   00002215     00001478     00000712   uart.obj (.text)
IntEnable                 $Tramp$TT$S$$IntEnable
   00002279     00001480     000006fa   uart.obj (.text)
                             00000dc8   main.obj (.text)
                             00000e18   main.obj (.text)
                             00000ef0   main.obj (.text)
IntRegister               $Tramp$TT$S$$IntRegister
   000024b5     00001488     000006f4   uart.obj (.text)
SysCtlDelay               $Tramp$TT$S$$SysCtlDelay
   00002511     00001bf0     00001bda   driverlib.lib : sysctl.o (i.SysCtlClockSet)

[35 trampolines]
[70 trampoline calls]


GLOBAL SYMBOLS: SORTED ALPHABETICALLY BY Name 

address   name                           
-------   ----                           
000026d9  ADCIntClear                    
000022dd  ADCSequenceConfigure           
00002697  ADCSequenceEnable              
000020f9  ADCSequenceStepConfigure       
00001245  C$$EXIT                        
00002509  CPUbasepriGet                  
00002503  CPUbasepriSet                  
000024e9  CPUcpsid                       
000024f7  CPUcpsie                       
000024f1  CPUprimask                     
000024ff  CPUwfi                         
00000eb9  ConfigureADC                   
00000d41  ConfigurePins                  
00000dcf  ConfigureTimers                
00000d83  ConfigureUART                  
00000e27  ConfigureuDMA                  
00002571  GPIODirModeSet                 
00001fc1  GPIOPadConfigSet               
00002435  GPIOPinConfigure               
00002609  GPIOPinTypeADC                 
00002625  GPIOPinTypeGPIOOutput          
00002641  GPIOPinTypeUART                
000026e3  GPIOPinWrite                   
00000e7d  InitConsole                    
00002215  IntDisable                     
00002279  IntEnable                      
000026a5  IntMasterEnable                
000024b5  IntRegister                    
0000265d  IntUnregister                  
0000136b  ResetISR                       
UNDEFED   SHT$$INIT_ARRAY$$Base          
UNDEFED   SHT$$INIT_ARRAY$$Limit         
00001e6d  SysCtlClockGet                 
00001ad1  SysCtlClockSet                 
00002511  SysCtlDelay                    
00002599  SysCtlPeripheralDisable        
000025c1  SysCtlPeripheralEnable         
00002519  SysCtlPeripheralPresent        
00002479  SysCtlPeripheralReset          
00000f49  Timer1IntHandler               
0000233d  TimerConfigure                 
0000239d  TimerControlTrigger            
000026b3  TimerEnable                    
000026e9  TimerIntClear                  
00001bf9  TimerIntEnable                 
00002685  TimerLoadSet                   
00000847  UART9BitAddrSend               
00000821  UART9BitAddrSet                
0000080b  UART9BitDisable                
000007f5  UART9BitEnable                 
0000069b  UARTBreakCtl                   
000006c5  UARTBusy                       
00000643  UARTCharGet                    
00000627  UARTCharGetNonBlocking         
0000067d  UARTCharPut                    
00000659  UARTCharPutNonBlocking         
000005eb  UARTCharsAvail                 
000007e5  UARTClockSourceGet             
000007d1  UARTClockSourceSet             
000003b3  UARTConfigGetExpClk            
0000033d  UARTConfigSetExpClk            
00000797  UARTDMADisable                 
0000077f  UARTDMAEnable                  
00000423  UARTDisable                    
000004a7  UARTDisableSIR                 
000003ff  UARTEnable                     
00000479  UARTEnableSIR                  
00000463  UARTFIFODisable                
0000044d  UARTFIFOEnable                 
00000315  UARTFIFOLevelGet               
000002fd  UARTFIFOLevelSet               
000005ab  UARTFlowControlGet             
0000058f  UARTFlowControlSet             
0000076d  UARTIntClear                   
00000737  UARTIntDisable                 
0000071f  UARTIntEnable                  
000006e3  UARTIntRegister                
0000074f  UARTIntStatus                  
00000705  UARTIntUnregister              
0000088f  UARTLoopbackEnable             
00000545  UARTModemControlClear          
00000569  UARTModemControlGet            
00000505  UARTModemControlSet            
0000057b  UARTModemStatusGet             
000002eb  UARTParityModeGet              
000002cf  UARTParityModeSet              
000007c1  UARTRxErrorClear               
000007af  UARTRxErrorGet                 
000004ef  UARTSmartCardDisable           
000004bd  UARTSmartCardEnable            
00000609  UARTSpaceAvail                 
000008a5  UARTStdioConfig                
000005d9  UARTTxIntModeGet               
000005bd  UARTTxIntModeSet               
000009eb  UARTgetc                       
00000931  UARTgets                       
00000d0b  UARTprintf                     
00000a11  UARTvprintf                    
000008eb  UARTwrite                      
20000600  __STACK_END                    
00000200  __STACK_SIZE                   
20000600  __STACK_TOP                    
000027b8  __TI_CINIT_Base                
000027d0  __TI_CINIT_Limit               
00002798  __TI_Handler_Table_Base        
000027a4  __TI_Handler_Table_Limit       
00001119  __TI_auto_init                 
20000680  __TI_cleanup_ptr               
00001189  __TI_decompress_lzss           
00001351  __TI_decompress_none           
20000684  __TI_dtors_ptr                 
20000688  __TI_enable_exit_profile_output
ffffffff  __TI_pprof_out_hndl            
ffffffff  __TI_prof_data_size            
ffffffff  __TI_prof_data_start           
00000000  __TI_static_base__             
0000135f  __TI_zero_init                 
00001117  __aeabi_idiv0                  
0000109d  __aeabi_memclr                 
0000109d  __aeabi_memclr4                
0000109d  __aeabi_memclr8                
00001001  __aeabi_memcpy                 
00001001  __aeabi_memcpy4                
00001001  __aeabi_memcpy8                
0000109f  __aeabi_memset                 
0000109f  __aeabi_memset4                
0000109f  __aeabi_memset8                
000012e5  __aeabi_uidiv                  
000012e5  __aeabi_uidivmod               
ffffffff  __binit__                      
ffffffff  __c_args__                     
0000137b  __mpu_init                     
20000400  __stack                        
00001325  _args_main                     
000011f1  _c_int00                       
20000698  _lock                          
0000134b  _nop                           
00001343  _register_lock                 
0000133d  _register_unlock               
0000137d  _system_post_cinit             
00001377  _system_pre_init               
2000069c  _unlock                        
00001249  abort                          
ffffffff  binit                          
00001299  copy_in                        
00001251  exit                           
00000000  g_pfnVectors                   
20000690  i                              
00000f2b  main                           
200006a8  main_func_sp                   
00001001  memcpy                         
000010a5  memset                         
2000068c  sen_frq                        
2000068e  sen_res                        
20000600  seno                           
00002545  uDMAChannelAssign              
000023ed  uDMAChannelAttributeDisable    
000025e9  uDMAChannelControlSet          
00002671  uDMAChannelEnable              
00002195  uDMAChannelTransferSet         
000026c1  uDMAControlBaseSet             
000026cd  uDMAEnable                     
20000000  uDMA_table                     
20000694  uDMA_table_end                 


GLOBAL SYMBOLS: SORTED BY Symbol Address 

address   name                           
-------   ----                           
00000000  __TI_static_base__             
00000000  g_pfnVectors                   
00000200  __STACK_SIZE                   
000002cf  UARTParityModeSet              
000002eb  UARTParityModeGet              
000002fd  UARTFIFOLevelSet               
00000315  UARTFIFOLevelGet               
0000033d  UARTConfigSetExpClk            
000003b3  UARTConfigGetExpClk            
000003ff  UARTEnable                     
00000423  UARTDisable                    
0000044d  UARTFIFOEnable                 
00000463  UARTFIFODisable                
00000479  UARTEnableSIR                  
000004a7  UARTDisableSIR                 
000004bd  UARTSmartCardEnable            
000004ef  UARTSmartCardDisable           
00000505  UARTModemControlSet            
00000545  UARTModemControlClear          
00000569  UARTModemControlGet            
0000057b  UARTModemStatusGet             
0000058f  UARTFlowControlSet             
000005ab  UARTFlowControlGet             
000005bd  UARTTxIntModeSet               
000005d9  UARTTxIntModeGet               
000005eb  UARTCharsAvail                 
00000609  UARTSpaceAvail                 
00000627  UARTCharGetNonBlocking         
00000643  UARTCharGet                    
00000659  UARTCharPutNonBlocking         
0000067d  UARTCharPut                    
0000069b  UARTBreakCtl                   
000006c5  UARTBusy                       
000006e3  UARTIntRegister                
00000705  UARTIntUnregister              
0000071f  UARTIntEnable                  
00000737  UARTIntDisable                 
0000074f  UARTIntStatus                  
0000076d  UARTIntClear                   
0000077f  UARTDMAEnable                  
00000797  UARTDMADisable                 
000007af  UARTRxErrorGet                 
000007c1  UARTRxErrorClear               
000007d1  UARTClockSourceSet             
000007e5  UARTClockSourceGet             
000007f5  UART9BitEnable                 
0000080b  UART9BitDisable                
00000821  UART9BitAddrSet                
00000847  UART9BitAddrSend               
0000088f  UARTLoopbackEnable             
000008a5  UARTStdioConfig                
000008eb  UARTwrite                      
00000931  UARTgets                       
000009eb  UARTgetc                       
00000a11  UARTvprintf                    
00000d0b  UARTprintf                     
00000d41  ConfigurePins                  
00000d83  ConfigureUART                  
00000dcf  ConfigureTimers                
00000e27  ConfigureuDMA                  
00000e7d  InitConsole                    
00000eb9  ConfigureADC                   
00000f2b  main                           
00000f49  Timer1IntHandler               
00001001  __aeabi_memcpy                 
00001001  __aeabi_memcpy4                
00001001  __aeabi_memcpy8                
00001001  memcpy                         
0000109d  __aeabi_memclr                 
0000109d  __aeabi_memclr4                
0000109d  __aeabi_memclr8                
0000109f  __aeabi_memset                 
0000109f  __aeabi_memset4                
0000109f  __aeabi_memset8                
000010a5  memset                         
00001117  __aeabi_idiv0                  
00001119  __TI_auto_init                 
00001189  __TI_decompress_lzss           
000011f1  _c_int00                       
00001245  C$$EXIT                        
00001249  abort                          
00001251  exit                           
00001299  copy_in                        
000012e5  __aeabi_uidiv                  
000012e5  __aeabi_uidivmod               
00001325  _args_main                     
0000133d  _register_unlock               
00001343  _register_lock                 
0000134b  _nop                           
00001351  __TI_decompress_none           
0000135f  __TI_zero_init                 
0000136b  ResetISR                       
00001377  _system_pre_init               
0000137b  __mpu_init                     
0000137d  _system_post_cinit             
00001ad1  SysCtlClockSet                 
00001bf9  TimerIntEnable                 
00001e6d  SysCtlClockGet                 
00001fc1  GPIOPadConfigSet               
000020f9  ADCSequenceStepConfigure       
00002195  uDMAChannelTransferSet         
00002215  IntDisable                     
00002279  IntEnable                      
000022dd  ADCSequenceConfigure           
0000233d  TimerConfigure                 
0000239d  TimerControlTrigger            
000023ed  uDMAChannelAttributeDisable    
00002435  GPIOPinConfigure               
00002479  SysCtlPeripheralReset          
000024b5  IntRegister                    
000024e9  CPUcpsid                       
000024f1  CPUprimask                     
000024f7  CPUcpsie                       
000024ff  CPUwfi                         
00002503  CPUbasepriSet                  
00002509  CPUbasepriGet                  
00002511  SysCtlDelay                    
00002519  SysCtlPeripheralPresent        
00002545  uDMAChannelAssign              
00002571  GPIODirModeSet                 
00002599  SysCtlPeripheralDisable        
000025c1  SysCtlPeripheralEnable         
000025e9  uDMAChannelControlSet          
00002609  GPIOPinTypeADC                 
00002625  GPIOPinTypeGPIOOutput          
00002641  GPIOPinTypeUART                
0000265d  IntUnregister                  
00002671  uDMAChannelEnable              
00002685  TimerLoadSet                   
00002697  ADCSequenceEnable              
000026a5  IntMasterEnable                
000026b3  TimerEnable                    
000026c1  uDMAControlBaseSet             
000026cd  uDMAEnable                     
000026d9  ADCIntClear                    
000026e3  GPIOPinWrite                   
000026e9  TimerIntClear                  
00002798  __TI_Handler_Table_Base        
000027a4  __TI_Handler_Table_Limit       
000027b8  __TI_CINIT_Base                
000027d0  __TI_CINIT_Limit               
20000000  uDMA_table                     
20000400  __stack                        
20000600  __STACK_END                    
20000600  __STACK_TOP                    
20000600  seno                           
20000680  __TI_cleanup_ptr               
20000684  __TI_dtors_ptr                 
20000688  __TI_enable_exit_profile_output
2000068c  sen_frq                        
2000068e  sen_res                        
20000690  i                              
20000694  uDMA_table_end                 
20000698  _lock                          
2000069c  _unlock                        
200006a8  main_func_sp                   
ffffffff  __TI_pprof_out_hndl            
ffffffff  __TI_prof_data_size            
ffffffff  __TI_prof_data_start           
ffffffff  __binit__                      
ffffffff  __c_args__                     
ffffffff  binit                          
UNDEFED   SHT$$INIT_ARRAY$$Base          
UNDEFED   SHT$$INIT_ARRAY$$Limit         

[164 symbols]
